<html>
<body>
<pre>
<h1>µVision Build Log</h1>
<h2>Tool Versions:</h2>
IDE-Version: ¦ÌVision V5.38.0.0
Copyright (C) 2022 ARM Ltd and ARM Germany GmbH. All rights reserved.
License Information: 111111111 111111, 111111111111, LIC=CZLZX-HQZJ7-CXFU6-D7ZZ7-1VVYA-PD1DE
 
Tool Versions:
Toolchain:       MDK-ARM Plus  Version: 5.28.0.0
Toolchain Path:  C:\keil5\ARM\ARMCC\Bin
C Compiler:      Armcc.exe V5.06 update 6 (build 750)
Assembler:       Armasm.exe V5.06 update 6 (build 750)
Linker/Locator:  ArmLink.exe V5.06 update 6 (build 750)
Library Manager: ArmAr.exe V5.06 update 6 (build 750)
Hex Converter:   FromElf.exe V5.06 update 6 (build 750)
CPU DLL:         SARMCM3.DLL V5.28.0.0
Dialog DLL:      DCM.DLL V1.17.3.0
Target DLL:      STLink\ST-LINKIII-KEIL_SWO.dll V3.0.6.0
Dialog DLL:      TCM.DLL V1.36.2.0
 
<h2>Project:</h2>
C:\Users\wumu2\OneDrive\×ÀÃæ\ov_watch\firmware\MDK-ARM\ov-watch.uvprojx
Project File Date:  06/15/2026

<h2>Output:</h2>
*** Using Compiler 'V5.06 update 6 (build 750)', folder: 'C:\keil5\ARM\ARMCC\Bin'
Rebuild target 'ov-watch'
assembling startup_stm32f407xx.s...
compiling stm32f4xx_ll_adc.c...
compiling stm32f4xx_hal_timebase_tim.c...
compiling stm32f4xx_it.c...
compiling stm32f4xx_hal_adc_ex.c...
compiling stm32f4xx_hal_tim_ex.c...
compiling stm32f4xx_hal_msp.c...
compiling stm32f4xx_hal_rcc_ex.c...
compiling stm32f4xx_hal_rcc.c...
compiling freertos.c...
compiling stm32f4xx_hal_adc.c...
compiling stm32f4xx_hal_tim.c...
compiling main.c...
compiling stm32f4xx_hal_flash_ramfunc.c...
compiling stm32f4xx_hal_flash_ex.c...
compiling stm32f4xx_hal_flash.c...
compiling stm32f4xx_hal_pwr_ex.c...
compiling stm32f4xx_hal_exti.c...
compiling stm32f4xx_hal_pwr.c...
compiling stm32f4xx_hal.c...
compiling stm32f4xx_hal_cortex.c...
compiling stm32f4xx_hal_gpio.c...
compiling stm32f4xx_hal_dma.c...
compiling croutine.c...
compiling stm32f4xx_hal_dma_ex.c...
compiling event_groups.c...
compiling list.c...
compiling queue.c...
compiling timers.c...
compiling stream_buffer.c...
compiling heap_4.c...
compiling tasks.c...
compiling port.c...
compiling system_stm32f4xx.c...
compiling st7735.c...
compiling a4988.c...
compiling stm32f4xx_hal_rtc_ex.c...
compiling stm32f4xx_hal_i2c_ex.c...
compiling w25q64.c...
../Drivers/BSP/flash/w25q64.c(237): warning:  #870-D: invalid multibyte character sequence
          LOG("W25Q64 NOT FOUND â€? JEDEC=0x%06lX, skipping flash ops", jedec_id);
../Drivers/BSP/flash/w25q64.c: 1 warning, 0 errors
compiling stm32f4xx_hal_rtc.c...
compiling stm32f4xx_hal_uart.c...
compiling stm32f4xx_hal_spi.c...
compiling stm32f4xx_hal_i2c.c...
compiling cmsis_os2.c...
compiling mode_manager.c...
../App/mode_manager.c(69): warning:  #188-D: enumerated type mixed with another type
      for (mode_id_t i = 0; i < MODE_COUNT; i++) {
../App/mode_manager.c(81): warning:  #870-D: invalid multibyte character sequence
          LOG("RTC not set â€? entering time setup flow");
../App/mode_manager.c(145): warning:  #188-D: enumerated type mixed with another type
              mode_id_t prev = (current_mode == 0)
../App/mode_manager.c(152): warning:  #188-D: enumerated type mixed with another type
              mode_id_t next = (current_mode + 1) % MODE_COUNT;
../App/mode_manager.c: 4 warnings, 0 errors
compiling temp_sensor.c...
compiling temp_mode.c...
compiling rtc_drv.c...
compiling clock_mode.c...
compiling temp_adc.c...
compiling button.c...
compiling pointer_engine.c...
compiling timer_mode.c...
compiling fs_mgr.c...
compiling gui.c...
compiling settings_mode.c...
../App/modes/settings_mode.c(233): warning:  #177-D: variable "vals"  was declared but never referenced
          uint8_t vals[] = {0, 0, 0, 0, 0};
../App/modes/settings_mode.c: 1 warning, 0 errors
linking...
Program Size: Code=52148 RO-data=2288 RW-data=340 ZI-data=48620  
FromELF: creating hex file...
"ov-watch\ov-watch.axf" - 0 Error(s), 6 Warning(s).

<h2>Software Packages used:</h2>

Package Vendor: ARM
                http://www.keil.com/pack/ARM.CMSIS.5.5.1.pack
                ARM.CMSIS.5.5.1
                CMSIS (Cortex Microcontroller Software Interface Standard)
   * Component: CORE Version: 5.2.0

Package Vendor: Keil
                http://www.keil.com/pack/Keil.STM32F4xx_DFP.2.7.0.pack
                Keil.STM32F4xx_DFP.2.7.0
                STMicroelectronics STM32F4 Series Device Support, Drivers and Examples

<h2>Collection of Component include folders:</h2>
  ./RTE/_ov-watch
  C:/keil5/ARM/CMSIS/5.5.1/CMSIS/Core/Include
  C:/keil5/Keil/STM32F4xx_DFP/2.7.0/Drivers/CMSIS/Device/ST/STM32F4xx/Include

<h2>Collection of Component Files used:</h2>

   * Component: ARM::CMSIS:CORE:5.2.0
Build Time Elapsed:  00:00:33
</pre>
</body>
</html>
