Component: ARM Compiler 5.06 update 6 (build 750) Tool: armlink [4d35ed]

==============================================================================

Section Cross References

    startup_stm32f407xx.o(STACK) refers (Special) to heapauxi.o(.text) for __use_two_region_memory
    startup_stm32f407xx.o(HEAP) refers (Special) to heapauxi.o(.text) for __use_two_region_memory
    startup_stm32f407xx.o(RESET) refers (Special) to heapauxi.o(.text) for __use_two_region_memory
    startup_stm32f407xx.o(RESET) refers to startup_stm32f407xx.o(STACK) for __initial_sp
    startup_stm32f407xx.o(RESET) refers to startup_stm32f407xx.o(.text) for Reset_Handler
    startup_stm32f407xx.o(RESET) refers to stm32f4xx_it.o(i.NMI_Handler) for NMI_Handler
    startup_stm32f407xx.o(RESET) refers to stm32f4xx_it.o(i.HardFault_Handler) for HardFault_Handler
    startup_stm32f407xx.o(RESET) refers to stm32f4xx_it.o(i.MemManage_Handler) for MemManage_Handler
    startup_stm32f407xx.o(RESET) refers to stm32f4xx_it.o(i.BusFault_Handler) for BusFault_Handler
    startup_stm32f407xx.o(RESET) refers to stm32f4xx_it.o(i.UsageFault_Handler) for UsageFault_Handler
    startup_stm32f407xx.o(RESET) refers to port.o(.emb_text) for SVC_Handler
    startup_stm32f407xx.o(RESET) refers to stm32f4xx_it.o(i.DebugMon_Handler) for DebugMon_Handler
    startup_stm32f407xx.o(RESET) refers to cmsis_os2.o(i.SysTick_Handler) for SysTick_Handler
    startup_stm32f407xx.o(RESET) refers to stm32f4xx_it.o(i.TIM4_IRQHandler) for TIM4_IRQHandler
    startup_stm32f407xx.o(RESET) refers to stm32f4xx_it.o(i.USART1_IRQHandler) for USART1_IRQHandler
    startup_stm32f407xx.o(RESET) refers to stm32f4xx_it.o(i.TIM5_IRQHandler) for TIM5_IRQHandler
    startup_stm32f407xx.o(RESET) refers to stm32f4xx_it.o(i.TIM6_DAC_IRQHandler) for TIM6_DAC_IRQHandler
    startup_stm32f407xx.o(.text) refers (Special) to heapauxi.o(.text) for __use_two_region_memory
    startup_stm32f407xx.o(.text) refers to system_stm32f4xx.o(i.SystemInit) for SystemInit
    startup_stm32f407xx.o(.text) refers to __main.o(!!!main) for __main
    startup_stm32f407xx.o(.text) refers to startup_stm32f407xx.o(HEAP) for Heap_Mem
    startup_stm32f407xx.o(.text) refers to startup_stm32f407xx.o(STACK) for Stack_Mem
    main.o(i.HAL_TIM_PeriodElapsedCallback) refers to stm32f4xx_hal.o(i.HAL_IncTick) for HAL_IncTick
    main.o(i.MX_ADC1_Init) refers to stm32f4xx_hal_adc.o(i.HAL_ADC_Init) for HAL_ADC_Init
    main.o(i.MX_ADC1_Init) refers to stm32f4xx_hal_adc.o(i.HAL_ADC_ConfigChannel) for HAL_ADC_ConfigChannel
    main.o(i.MX_ADC1_Init) refers to main.o(.bss) for .bss
    main.o(i.MX_GPIO_Init) refers to rt_memclr_w.o(.text) for __aeabi_memclr4
    main.o(i.MX_GPIO_Init) refers to stm32f4xx_hal_gpio.o(i.HAL_GPIO_WritePin) for HAL_GPIO_WritePin
    main.o(i.MX_GPIO_Init) refers to stm32f4xx_hal_gpio.o(i.HAL_GPIO_Init) for HAL_GPIO_Init
    main.o(i.MX_RTC_Init) refers to rt_memclr_w.o(.text) for __aeabi_memclr4
    main.o(i.MX_RTC_Init) refers to stm32f4xx_hal_rtc.o(i.HAL_RTC_Init) for HAL_RTC_Init
    main.o(i.MX_RTC_Init) refers to stm32f4xx_hal_rtc_ex.o(i.HAL_RTCEx_BKUPRead) for HAL_RTCEx_BKUPRead
    main.o(i.MX_RTC_Init) refers to stm32f4xx_hal_rtc_ex.o(i.HAL_RTCEx_BKUPWrite) for HAL_RTCEx_BKUPWrite
    main.o(i.MX_RTC_Init) refers to stm32f4xx_hal_rtc.o(i.HAL_RTC_SetTime) for HAL_RTC_SetTime
    main.o(i.MX_RTC_Init) refers to stm32f4xx_hal_rtc.o(i.HAL_RTC_SetDate) for HAL_RTC_SetDate
    main.o(i.MX_RTC_Init) refers to main.o(.bss) for .bss
    main.o(i.MX_SPI1_Init) refers to stm32f4xx_hal_spi.o(i.HAL_SPI_Init) for HAL_SPI_Init
    main.o(i.MX_SPI1_Init) refers to main.o(.bss) for .bss
    main.o(i.MX_SPI2_Init) refers to stm32f4xx_hal_spi.o(i.HAL_SPI_Init) for HAL_SPI_Init
    main.o(i.MX_SPI2_Init) refers to main.o(.bss) for .bss
    main.o(i.MX_TIM2_Init) refers to stm32f4xx_hal_tim.o(i.HAL_TIM_Base_Init) for HAL_TIM_Base_Init
    main.o(i.MX_TIM2_Init) refers to stm32f4xx_hal_tim.o(i.HAL_TIM_ConfigClockSource) for HAL_TIM_ConfigClockSource
    main.o(i.MX_TIM2_Init) refers to stm32f4xx_hal_tim_ex.o(i.HAL_TIMEx_MasterConfigSynchronization) for HAL_TIMEx_MasterConfigSynchronization
    main.o(i.MX_TIM2_Init) refers to main.o(.bss) for .bss
    main.o(i.MX_TIM3_Init) refers to rt_memclr_w.o(.text) for __aeabi_memclr4
    main.o(i.MX_TIM3_Init) refers to stm32f4xx_hal_tim.o(i.HAL_TIM_Base_Init) for HAL_TIM_Base_Init
    main.o(i.MX_TIM3_Init) refers to stm32f4xx_hal_tim.o(i.HAL_TIM_ConfigClockSource) for HAL_TIM_ConfigClockSource
    main.o(i.MX_TIM3_Init) refers to stm32f4xx_hal_tim.o(i.HAL_TIM_PWM_Init) for HAL_TIM_PWM_Init
    main.o(i.MX_TIM3_Init) refers to stm32f4xx_hal_tim_ex.o(i.HAL_TIMEx_MasterConfigSynchronization) for HAL_TIMEx_MasterConfigSynchronization
    main.o(i.MX_TIM3_Init) refers to stm32f4xx_hal_tim.o(i.HAL_TIM_PWM_ConfigChannel) for HAL_TIM_PWM_ConfigChannel
    main.o(i.MX_TIM3_Init) refers to stm32f4xx_hal_msp.o(i.HAL_TIM_MspPostInit) for HAL_TIM_MspPostInit
[...]
    __hardfp_sinf                            0x08005a59   Thumb Code   344  sinf.o(i.__hardfp_sinf)
    __mathlib_flt_infnan                     0x08005be9   Thumb Code     6  funder.o(i.__mathlib_flt_infnan)
    __mathlib_flt_invalid                    0x08005bf1   Thumb Code    10  funder.o(i.__mathlib_flt_invalid)
    __mathlib_flt_underflow                  0x08005c01   Thumb Code    10  funder.o(i.__mathlib_flt_underflow)
    __mathlib_rredf2                         0x08005c11   Thumb Code   316  rredf.o(i.__mathlib_rredf2)
    _is_digit                                0x08005d65   Thumb Code    14  __printf_wp.o(i._is_digit)
    a4988_enable                             0x08005d75   Thumb Code    12  a4988.o(i.a4988_enable)
    a4988_get_state                          0x08005d85   Thumb Code     8  a4988.o(i.a4988_get_state)
    a4988_init                               0x08005d91   Thumb Code   130  a4988.o(i.a4988_init)
    a4988_set_direction                      0x08005e59   Thumb Code    14  a4988.o(i.a4988_set_direction)
    a4988_set_microstep                      0x08005e71   Thumb Code    18  a4988.o(i.a4988_set_microstep)
    a4988_set_speed                          0x08005e89   Thumb Code    78  a4988.o(i.a4988_set_speed)
    a4988_vibrate                            0x08005ee5   Thumb Code   106  a4988.o(i.a4988_vibrate)
    button_get_event                         0x08005f8d   Thumb Code    44  button.o(i.button_get_event)
    button_has_event                         0x08005fc1   Thumb Code    12  button.o(i.button_has_event)
    button_init                              0x08005fcd   Thumb Code   156  button.o(i.button_init)
    button_scan                              0x0800607d   Thumb Code   240  button.o(i.button_scan)
    clock_mode_enter                         0x080061b9   Thumb Code    96  clock_mode.o(i.clock_mode_enter)
    clock_mode_exit                          0x08006231   Thumb Code    72  clock_mode.o(i.clock_mode_exit)
    clock_mode_handle_button                 0x0800628d   Thumb Code   128  clock_mode.o(i.clock_mode_handle_button)
    clock_mode_init                          0x0800633d   Thumb Code   100  clock_mode.o(i.clock_mode_init)
    clock_mode_render                        0x080063cd   Thumb Code   356  clock_mode.o(i.clock_mode_render)
    clock_mode_update                        0x08006561   Thumb Code    42  clock_mode.o(i.clock_mode_update)
    fs_config_exists                         0x08006919   Thumb Code    26  fs_mgr.o(i.fs_config_exists)
    fs_config_format                         0x08006939   Thumb Code   238  fs_mgr.o(i.fs_config_format)
    fs_config_load                           0x08006acd   Thumb Code   334  fs_mgr.o(i.fs_config_load)
    fs_config_save                           0x08006cd1   Thumb Code   730  fs_mgr.o(i.fs_config_save)
    fs_mgr_init                              0x080070f5   Thumb Code   406  fs_mgr.o(i.fs_mgr_init)
    gui_dirty_clear                          0x08007379   Thumb Code    28  gui.o(i.gui_dirty_clear)
    gui_dirty_get_count                      0x08007399   Thumb Code    34  gui.o(i.gui_dirty_get_count)
    gui_dirty_mark                           0x080073c1   Thumb Code   348  gui.o(i.gui_dirty_mark)
    gui_dirty_merge                          0x0800755d   Thumb Code    84  gui.o(i.gui_dirty_merge)
    gui_draw_arc                             0x080075b5   Thumb Code   358  gui.o(i.gui_draw_arc)
    gui_draw_icon                            0x08007725   Thumb Code    96  gui.o(i.gui_draw_icon)
    gui_draw_meter                           0x08007789   Thumb Code   230  gui.o(i.gui_draw_meter)
    gui_draw_text_aligned                    0x08007875   Thumb Code   154  gui.o(i.gui_draw_text_aligned)
    gui_draw_text_centered                   0x08007915   Thumb Code   148  gui.o(i.gui_draw_text_centered)
    gui_draw_tick_marks                      0x080079ad   Thumb Code   434  gui.o(i.gui_draw_tick_marks)
    gui_init                                 0x08007b75   Thumb Code    78  gui.o(i.gui_init)
    gui_text_size                            0x08007bed   Thumb Code    98  gui.o(i.gui_text_size)
    main                                     0x08007d75   Thumb Code   472  main.o(i.main)
    mode_manager_handle_button               0x08008015   Thumb Code    82  mode_manager.o(i.mode_manager_handle_button)
    mode_manager_init                        0x08008071   Thumb Code   210  mode_manager.o(i.mode_manager_init)
    mode_manager_render                      0x080081b5   Thumb Code    24  mode_manager.o(i.mode_manager_render)
    mode_manager_switch_to                   0x080081d5   Thumb Code   152  mode_manager.o(i.mode_manager_switch_to)
    mode_manager_update                      0x08008291   Thumb Code    24  mode_manager.o(i.mode_manager_update)
    osDelay                                  0x080082f9   Thumb Code    26  cmsis_os2.o(i.osDelay)
    osEventFlagsNew                          0x08008313   Thumb Code    44  cmsis_os2.o(i.osEventFlagsNew)
    osEventFlagsSet                          0x08008341   Thumb Code    78  cmsis_os2.o(i.osEventFlagsSet)
    osKernelGetTickCount                     0x08008395   Thumb Code    14  cmsis_os2.o(i.osKernelGetTickCount)
    osKernelInitialize                       0x080083a5   Thumb Code    32  cmsis_os2.o(i.osKernelInitialize)
    osKernelStart                            0x080083c9   Thumb Code    48  cmsis_os2.o(i.osKernelStart)
    osMessageQueueGet                        0x08008401   Thumb Code    96  cmsis_os2.o(i.osMessageQueueGet)
    osMessageQueueNew                        0x08008465   Thumb Code    88  cmsis_os2.o(i.osMessageQueueNew)
    osMessageQueuePut                        0x080084bd   Thumb Code   100  cmsis_os2.o(i.osMessageQueuePut)
    osThreadNew                              0x08008525   Thumb Code   138  cmsis_os2.o(i.osThreadNew)
    pointer_engine_init                      0x080085b1   Thumb Code    98  pointer_engine.o(i.pointer_engine_init)
    pointer_engine_update                    0x08008641   Thumb Code   220  pointer_engine.o(i.pointer_engine_update)
    pointer_get_current_angle                0x08008759   Thumb Code     8  pointer_engine.o(i.pointer_get_current_angle)
    pointer_set_clock                        0x08008765   Thumb Code    48  pointer_engine.o(i.pointer_set_clock)
    pointer_set_clock_24h                    0x08008795   Thumb Code    48  pointer_engine.o(i.pointer_set_clock_24h)
    pointer_set_page                         0x080087c5   Thumb Code    52  pointer_engine.o(i.pointer_set_page)
    pointer_set_target                       0x08008801   Thumb Code   166  pointer_engine.o(i.pointer_set_target)
    pointer_set_temperature                  0x080088e1   Thumb Code    84  pointer_engine.o(i.pointer_set_temperature)
    pointer_set_timer                        0x08008941   Thumb Code    66  pointer_engine.o(i.pointer_set_timer)
    pvPortMalloc                             0x08009121   Thumb Code   216  heap_4.o(i.pvPortMalloc)
    pxPortInitialiseStack                    0x080091fd   Thumb Code    40  port.o(i.pxPortInitialiseStack)
    rtc_drv_get_datetime                     0x08009305   Thumb Code   122  rtc_drv.o(i.rtc_drv_get_datetime)
    rtc_drv_get_format                       0x08009385   Thumb Code     6  rtc_drv.o(i.rtc_drv_get_format)
    rtc_drv_get_hour12                       0x08009391   Thumb Code    30  rtc_drv.o(i.rtc_drv_get_hour12)
    rtc_drv_init                             0x080093b1   Thumb Code   232  rtc_drv.o(i.rtc_drv_init)
    rtc_drv_is_pm                            0x08009511   Thumb Code    24  rtc_drv.o(i.rtc_drv_is_pm)
    rtc_drv_is_valid                         0x08009529   Thumb Code     6  rtc_drv.o(i.rtc_drv_is_valid)
    rtc_drv_set_datetime                     0x08009535   Thumb Code   104  rtc_drv.o(i.rtc_drv_set_datetime)
    rtc_drv_set_format                       0x080095a5   Thumb Code    32  rtc_drv.o(i.rtc_drv_set_format)
    rtc_drv_weekday_str                      0x080095cd   Thumb Code    22  rtc_drv.o(i.rtc_drv_weekday_str)
    settings_mode_enter                      0x080095ed   Thumb Code    34  settings_mode.o(i.settings_mode_enter)
    settings_mode_exit                       0x08009615   Thumb Code   106  settings_mode.o(i.settings_mode_exit)
    settings_mode_handle_button              0x080096d9   Thumb Code   804  settings_mode.o(i.settings_mode_handle_button)
    settings_mode_init                       0x08009a51   Thumb Code   162  settings_mode.o(i.settings_mode_init)
    settings_mode_render                     0x08009b25   Thumb Code   812  settings_mode.o(i.settings_mode_render)
    settings_mode_update                     0x08009fe1   Thumb Code    10  settings_mode.o(i.settings_mode_update)
    sht30_init                               0x08009ff1   Thumb Code   140  temp_sensor.o(i.sht30_init)
    sht30_read                               0x0800a0e5   Thumb Code   316  temp_sensor.o(i.sht30_read)
    st7735_draw_char                         0x0800a2a1   Thumb Code   170  st7735.o(i.st7735_draw_char)
    st7735_draw_line                         0x0800a34b   Thumb Code   144  st7735.o(i.st7735_draw_line)
    st7735_draw_pixel                        0x0800a3dd   Thumb Code    72  st7735.o(i.st7735_draw_pixel)
    st7735_draw_rect                         0x0800a429   Thumb Code   102  st7735.o(i.st7735_draw_rect)
    st7735_draw_text                         0x0800a491   Thumb Code    76  st7735.o(i.st7735_draw_text)
    st7735_fill_rect                         0x0800a4dd   Thumb Code   136  st7735.o(i.st7735_fill_rect)
    st7735_fill_screen                       0x0800a56d   Thumb Code    18  st7735.o(i.st7735_fill_screen)
    st7735_init                              0x0800a581   Thumb Code   220  st7735.o(i.st7735_init)
    st7735_reset                             0x0800a699   Thumb Code    40  st7735.o(i.st7735_reset)
    st7735_set_backlight_pwm                 0x0800a6c5   Thumb Code    18  st7735.o(i.st7735_set_backlight_pwm)
    st7735_set_brightness                    0x0800a6dd   Thumb Code    16  st7735.o(i.st7735_set_brightness)
    st7735_set_rotation                      0x0800a6ed   Thumb Code    50  st7735.o(i.st7735_set_rotation)
    st7735_set_window                        0x0800a71f   Thumb Code   130  st7735.o(i.st7735_set_window)
    temp_adc_init                            0x0800a7a1   Thumb Code   146  temp_adc.o(i.temp_adc_init)
    temp_adc_read_celsius                    0x0800a8a5   Thumb Code   144  temp_adc.o(i.temp_adc_read_celsius)
    temp_mode_enter                          0x0800a951   Thumb Code    32  temp_mode.o(i.temp_mode_enter)
    temp_mode_exit                           0x0800a975   Thumb Code     2  temp_mode.o(i.temp_mode_exit)
    temp_mode_handle_button                  0x0800a979   Thumb Code    48  temp_mode.o(i.temp_mode_handle_button)
    temp_mode_init                           0x0800a9ad   Thumb Code    16  temp_mode.o(i.temp_mode_init)
    temp_mode_render                         0x0800a9c1   Thumb Code   278  temp_mode.o(i.temp_mode_render)
    temp_mode_update                         0x0800aaf9   Thumb Code    44  temp_mode.o(i.temp_mode_update)
    temp_sensor_get_label                    0x0800ab29   Thumb Code    22  temp_sensor.o(i.temp_sensor_get_label)
    temp_sensor_init                         0x0800ab71   Thumb Code   134  temp_sensor.o(i.temp_sensor_init)
    temp_sensor_read                         0x0800ac65   Thumb Code    86  temp_sensor.o(i.temp_sensor_read)
    timer_mode_enter                         0x0800acc5   Thumb Code    34  timer_mode.o(i.timer_mode_enter)
    timer_mode_exit                          0x0800aced   Thumb Code    84  timer_mode.o(i.timer_mode_exit)
    timer_mode_handle_button                 0x0800ad65   Thumb Code   574  timer_mode.o(i.timer_mode_handle_button)
    timer_mode_init                          0x0800b019   Thumb Code    18  timer_mode.o(i.timer_mode_init)
    timer_mode_render                        0x0800b031   Thumb Code   300  timer_mode.o(i.timer_mode_render)
    timer_mode_update                        0x0800b1ad   Thumb Code   130  timer_mode.o(i.timer_mode_update)
    uxListRemove                             0x0800b24d   Thumb Code    38  list.o(i.uxListRemove)
    vApplicationGetIdleTaskMemory            0x0800b275   Thumb Code    16  cmsis_os2.o(i.vApplicationGetIdleTaskMemory)
    vApplicationGetTimerTaskMemory           0x0800b289   Thumb Code    18  cmsis_os2.o(i.vApplicationGetTimerTaskMemory)
    vEventGroupSetBitsCallback               0x0800b2a1   Thumb Code     4  event_groups.o(i.vEventGroupSetBitsCallback)
    vListInitialise                          0x0800b2a5   Thumb Code    22  list.o(i.vListInitialise)
    vListInitialiseItem                      0x0800b2bb   Thumb Code     6  list.o(i.vListInitialiseItem)
    vListInsert                              0x0800b2c1   Thumb Code    48  list.o(i.vListInsert)
    vListInsertEnd                           0x0800b2f1   Thumb Code    24  list.o(i.vListInsertEnd)
    vPortEnterCritical                       0x0800b309   Thumb Code    54  port.o(i.vPortEnterCritical)
    vPortExitCritical                        0x0800b349   Thumb Code    34  port.o(i.vPortExitCritical)
    vPortFree                                0x0800b371   Thumb Code    94  heap_4.o(i.vPortFree)
    vPortSetupTimerInterrupt                 0x0800b3d5   Thumb Code    32  port.o(i.vPortSetupTimerInterrupt)
    vPortValidateInterruptPriority           0x0800b3f9   Thumb Code    74  port.o(i.vPortValidateInterruptPriority)
    vQueueAddToRegistry                      0x0800b44d   Thumb Code    34  queue.o(i.vQueueAddToRegistry)
    vQueueWaitForMessageRestricted           0x0800b475   Thumb Code    68  queue.o(i.vQueueWaitForMessageRestricted)
    vTaskDelay                               0x0800b4b9   Thumb Code    66  tasks.o(i.vTaskDelay)
    vTaskInternalSetTimeOutState             0x0800b505   Thumb Code    12  tasks.o(i.vTaskInternalSetTimeOutState)
    vTaskMissedYield                         0x0800b515   Thumb Code     8  tasks.o(i.vTaskMissedYield)
    vTaskPlaceOnEventList                    0x0800b521   Thumb Code    44  tasks.o(i.vTaskPlaceOnEventList)
    vTaskPlaceOnEventListRestricted          0x0800b551   Thumb Code    52  tasks.o(i.vTaskPlaceOnEventListRestricted)
    vTaskRemoveFromUnorderedEventList        0x0800b589   Thumb Code   102  tasks.o(i.vTaskRemoveFromUnorderedEventList)
    vTaskStartScheduler                      0x0800b5f9   Thumb Code   118  tasks.o(i.vTaskStartScheduler)
    vTaskSuspendAll                          0x0800b681   Thumb Code    10  tasks.o(i.vTaskSuspendAll)
    vTaskSwitchContext                       0x0800b691   Thumb Code    90  tasks.o(i.vTaskSwitchContext)
    w25q64_erase_sector                      0x0800b715   Thumb Code    46  w25q64.o(i.w25q64_erase_sector)
    w25q64_get_id                            0x0800b743   Thumb Code    58  w25q64.o(i.w25q64_get_id)
    w25q64_init                              0x0800b77d   Thumb Code   310  w25q64.o(i.w25q64_init)
    w25q64_is_busy                           0x0800b941   Thumb Code    12  w25q64.o(i.w25q64_is_busy)
    w25q64_read                              0x0800b94d   Thumb Code   180  w25q64.o(i.w25q64_read)
    w25q64_wake_up                           0x0800bd11   Thumb Code    32  w25q64.o(i.w25q64_wake_up)
    w25q64_write                             0x0800bd31   Thumb Code   186  w25q64.o(i.w25q64_write)
    w25q64_write_page                        0x0800bf25   Thumb Code   170  w25q64.o(i.w25q64_write_page)
    xEventGroupCreate                        0x0800c025   Thumb Code    28  event_groups.o(i.xEventGroupCreate)
    xEventGroupCreateStatic                  0x0800c041   Thumb Code    44  event_groups.o(i.xEventGroupCreateStatic)
    xEventGroupSetBits                       0x0800c06d   Thumb Code   140  event_groups.o(i.xEventGroupSetBits)
    xEventGroupSetBitsFromISR                0x0800c0f9   Thumb Code    12  event_groups.o(i.xEventGroupSetBitsFromISR)
    xPortStartScheduler                      0x0800c109   Thumb Code   222  port.o(i.xPortStartScheduler)
    xPortSysTickHandler                      0x0800c1fd   Thumb Code    38  port.o(i.xPortSysTickHandler)
    xQueueGenericCreate                      0x0800c229   Thumb Code    66  queue.o(i.xQueueGenericCreate)
    xQueueGenericCreateStatic                0x0800c26b   Thumb Code   102  queue.o(i.xQueueGenericCreateStatic)
    xQueueGenericReset                       0x0800c2d1   Thumb Code   132  queue.o(i.xQueueGenericReset)
    xQueueGenericSend                        0x0800c359   Thumb Code   346  queue.o(i.xQueueGenericSend)
    xQueueGenericSendFromISR                 0x0800c4b9   Thumb Code   190  queue.o(i.xQueueGenericSendFromISR)
    xQueueReceive                            0x0800c579   Thumb Code   308  queue.o(i.xQueueReceive)
    xQueueReceiveFromISR                     0x0800c6b1   Thumb Code   154  queue.o(i.xQueueReceiveFromISR)
    xTaskCheckForTimeOut                     0x0800c74d   Thumb Code   112  tasks.o(i.xTaskCheckForTimeOut)
    xTaskCreate                              0x0800c7c1   Thumb Code    90  tasks.o(i.xTaskCreate)
    xTaskCreateStatic                        0x0800c81b   Thumb Code    86  tasks.o(i.xTaskCreateStatic)
    xTaskGetSchedulerState                   0x0800c871   Thumb Code    22  tasks.o(i.xTaskGetSchedulerState)
    xTaskGetTickCount                        0x0800c88d   Thumb Code     6  tasks.o(i.xTaskGetTickCount)
    xTaskGetTickCountFromISR                 0x0800c899   Thumb Code    12  tasks.o(i.xTaskGetTickCountFromISR)
    xTaskIncrementTick                       0x0800c8a9   Thumb Code   192  tasks.o(i.xTaskIncrementTick)
    xTaskPriorityDisinherit                  0x0800c971   Thumb Code   118  tasks.o(i.xTaskPriorityDisinherit)
    xTaskRemoveFromEventList                 0x0800c9f1   Thumb Code    98  tasks.o(i.xTaskRemoveFromEventList)
    xTaskResumeAll                           0x0800ca61   Thumb Code   182  tasks.o(i.xTaskResumeAll)
    xTimerCreateTimerTask                    0x0800cb25   Thumb Code    78  timers.o(i.xTimerCreateTimerTask)
    xTimerGenericCommand                     0x0800cb85   Thumb Code    98  timers.o(i.xTimerGenericCommand)
    xTimerPendFunctionCallFromISR            0x0800cbed   Thumb Code    34  timers.o(i.xTimerPendFunctionCallFromISR)
    _get_lc_numeric                          0x0800cc15   Thumb Code    44  lc_numeric_c.o(locale$$code)
    __fpl_dretinf                            0x0800cc41   Thumb Code    12  dretinf.o(x$fpl$dretinf)
    __aeabi_f2d                              0x0800cc4d   Thumb Code     0  f2d.o(x$fpl$f2d)
    _f2d                                     0x0800cc4d   Thumb Code    86  f2d.o(x$fpl$f2d)
    __fpl_fnaninf                            0x0800cca3   Thumb Code   140  fnaninf.o(x$fpl$fnaninf)
    _fp_init                                 0x0800cd2f   Thumb Code    10  fpinit.o(x$fpl$fpinit)
    __fplib_config_fpu_vfp                   0x0800cd37   Thumb Code     0  fpinit.o(x$fpl$fpinit)
    __fplib_config_pureend_doubles           0x0800cd37   Thumb Code     0  fpinit.o(x$fpl$fpinit)
    _printf_fp_dec                           0x0800cd39   Thumb Code     4  printf1.o(x$fpl$printf1)
    TaskButton_attributes                    0x0800cd3c   Data          36  main.o(.constdata)
    __I$use$fp                               0x0800cd3c   Number         0  usenofp.o(x$fpl$usenofp)
    TaskBG_attributes                        0x0800cd60   Data          36  main.o(.constdata)
    TaskDisplay_attributes                   0x0800cd84   Data          36  main.o(.constdata)
    TaskMotor_attributes                     0x0800cda8   Data          36  main.o(.constdata)
    QueueBtnEvents_attributes                0x0800cdcc   Data          24  main.o(.constdata)
    QueueRenderCmds_attributes               0x0800cde4   Data          24  main.o(.constdata)
    QueueMotorTargets_attributes             0x0800cdfc   Data          24  main.o(.constdata)
    EvtMotor_attributes                      0x0800ce14   Data          16  main.o(.constdata)
    AHBPrescTable                            0x0800ce34   Data          16  system_stm32f4xx.o(.constdata)
    APBPrescTable                            0x0800ce44   Data           8  system_stm32f4xx.o(.constdata)
    Region$$Table$$Base                      0x0800d468   Number         0  anon$$obj.o(Region$$Table)
    Region$$Table$$Limit                     0x0800d488   Number         0  anon$$obj.o(Region$$Table)
    TaskButtonHandle                         0x20000000   Data           4  main.o(.data)
    TaskBGHandle                             0x20000004   Data           4  main.o(.data)
    TaskDisplayHandle                        0x20000008   Data           4  main.o(.data)
    TaskMotorHandle                          0x2000000c   Data           4  main.o(.data)
    QueueBtnEventsHandle                     0x20000010   Data           4  main.o(.data)
    QueueRenderCmdsHandle                    0x20000014   Data           4  main.o(.data)
    QueueMotorTargetsHandle                  0x20000018   Data           4  main.o(.data)
    EvtMotorHandle                           0x2000001c   Data           4  main.o(.data)
    uwTickFreq                               0x20000020   Data           1  stm32f4xx_hal.o(.data)
    uwTickPrio                               0x20000024   Data           4  stm32f4xx_hal.o(.data)
    uwTick                                   0x20000028   Data           4  stm32f4xx_hal.o(.data)
    SystemCoreClock                          0x2000002c   Data           4  system_stm32f4xx.o(.data)
    pxCurrentTCB                             0x20000030   Data           4  tasks.o(.data)
    hadc1                                    0x20000154   Data          72  main.o(.bss)
    hi2c2                                    0x2000019c   Data          84  main.o(.bss)
    hrtc                                     0x200001f0   Data          32  main.o(.bss)
    hspi1                                    0x20000210   Data          88  main.o(.bss)
    hspi2                                    0x20000268   Data          88  main.o(.bss)
    htim2                                    0x200002c0   Data          72  main.o(.bss)
    htim3                                    0x20000308   Data          72  main.o(.bss)
    htim4                                    0x20000350   Data          72  main.o(.bss)
    htim5                                    0x20000398   Data          72  main.o(.bss)
    huart1                                   0x200003e0   Data          72  main.o(.bss)
    htim6                                    0x20000428   Data          72  stm32f4xx_hal_timebase_tim.o(.bss)
    xQueueRegistry                           0x20000470   Data          64  queue.o(.bss)
    __libspace_start                         0x2000b8dc   Data          96  libspace.o(.bss)
    __temporary_stack_top$libspace           0x2000b93c   Data           0  libspace.o(.bss)



==============================================================================

Memory Map of the image

  Image Entry point : 0x08000189

  Load Region LR_IROM1 (Base: 0x08000000, Size: 0x0000d5f8, Max: 0x00100000, ABSOLUTE, COMPRESSED[0x0000d4ec])

    Execution Region ER_IROM1 (Exec base: 0x08000000, Load base: 0x08000000, Size: 0x0000d4a4, Max: 0x00100000, ABSOLUTE)

    Exec Addr    Load Addr    Size         Type   Attr      Idx    E Section Name        Object

    0x08000000   0x08000000   0x00000188   Data   RO            3    RESET               startup_stm32f407xx.o
    0x08000188   0x08000188   0x00000008   Code   RO         7865  * !!!main             c_w.l(__main.o)
    0x08000190   0x08000190   0x00000034   Code   RO         8149    !!!scatter          c_w.l(__scatter.o)
    0x080001c4   0x080001c4   0x0000005a   Code   RO         8147    !!dczerorl2         c_w.l(__dczerorl2.o)
    0x0800021e   0x0800021e   0x00000002   PAD
    0x08000220   0x08000220   0x0000001c   Code   RO         8151    !!handler_zi        c_w.l(__scatter_zi.o)
    0x0800023c   0x0800023c   0x00000000   Code   RO         7842    .ARM.Collect$$_printf_percent$$00000000  c_w.l(_printf_percent.o)
    0x0800023c   0x0800023c   0x00000006   Code   RO         7841    .ARM.Collect$$_printf_percent$$00000003  c_w.l(_printf_f.o)
    0x08000242   0x08000242   0x00000006   Code   RO         7839    .ARM.Collect$$_printf_percent$$00000009  c_w.l(_printf_d.o)
    0x08000248   0x08000248   0x00000006   Code   RO         7840    .ARM.Collect$$_printf_percent$$0000000A  c_w.l(_printf_u.o)
    0x0800024e   0x0800024e   0x00000006   Code   RO         7838    .ARM.Collect$$_printf_percent$$0000000C  c_w.l(_printf_x.o)
    0x08000254   0x08000254   0x00000006   Code   RO         7837    .ARM.Collect$$_printf_percent$$00000014  c_w.l(_printf_s.o)
    0x0800025a   0x0800025a   0x00000004   Code   RO         7914    .ARM.Collect$$_printf_percent$$00000017  c_w.l(_printf_percent_end.o)
    0x0800025e   0x0800025e   0x00000002   Code   RO         8020    .ARM.Collect$$libinit$$00000000  c_w.l(libinit.o)
    0x08000260   0x08000260   0x00000004   Code   RO         8021    .ARM.Collect$$libinit$$00000001  c_w.l(libinit2.o)
    0x08000264   0x08000264   0x00000000   Code   RO         8024    .ARM.Collect$$libinit$$00000004  c_w.l(libinit2.o)
    0x08000264   0x08000264   0x00000000   Code   RO         8027    .ARM.Collect$$libinit$$0000000A  c_w.l(libinit2.o)
    0x08000264   0x08000264   0x00000000   Code   RO         8029    .ARM.Collect$$libinit$$0000000C  c_w.l(libinit2.o)
    0x08000264   0x08000264   0x00000000   Code   RO         8031    .ARM.Collect$$libinit$$0000000E  c_w.l(libinit2.o)
    0x08000264   0x08000264   0x00000006   Code   RO         8032    .ARM.Collect$$libinit$$0000000F  c_w.l(libinit2.o)
    0x0800026a   0x0800026a   0x00000000   Code   RO         8034    .ARM.Collect$$libinit$$00000011  c_w.l(libinit2.o)
    0x0800026a   0x0800026a   0x00000000   Code   RO         8036    .ARM.Collect$$libinit$$00000013  c_w.l(libinit2.o)
    0x0800026a   0x0800026a   0x00000000   Code   RO         8038    .ARM.Collect$$libinit$$00000015  c_w.l(libinit2.o)
    0x0800026a   0x0800026a   0x0000000a   Code   RO         8039    .ARM.Collect$$libinit$$00000016  c_w.l(libinit2.o)
    0x08000274   0x08000274   0x00000000   Code   RO         8040    .ARM.Collect$$libinit$$00000017  c_w.l(libinit2.o)
    0x08000274   0x08000274   0x00000000   Code   RO         8042    .ARM.Collect$$libinit$$00000019  c_w.l(libinit2.o)
    0x08000274   0x08000274   0x00000000   Code   RO         8044    .ARM.Collect$$libinit$$0000001B  c_w.l(libinit2.o)
    0x08000274   0x08000274   0x00000000   Code   RO         8046    .ARM.Collect$$libinit$$0000001D  c_w.l(libinit2.o)
    0x08000274   0x08000274   0x00000000   Code   RO         8048    .ARM.Collect$$libinit$$0000001F  c_w.l(libinit2.o)
    0x08000274   0x08000274   0x00000000   Code   RO         8050    .ARM.Collect$$libinit$$00000021  c_w.l(libinit2.o)
    0x08000274   0x08000274   0x00000000   Code   RO         8052    .ARM.Collect$$libinit$$00000023  c_w.l(libinit2.o)
    0x08000274   0x08000274   0x00000000   Code   RO         8054    .ARM.Collect$$libinit$$00000025  c_w.l(libinit2.o)
    0x08000274   0x08000274   0x00000000   Code   RO         8058    .ARM.Collect$$libinit$$0000002C  c_w.l(libinit2.o)
    0x08000274   0x08000274   0x00000000   Code   RO         8060    .ARM.Collect$$libinit$$0000002E  c_w.l(libinit2.o)
    0x08000274   0x08000274   0x00000000   Code   RO         8062    .ARM.Collect$$libinit$$00000030  c_w.l(libinit2.o)
    0x08000274   0x08000274   0x00000000   Code   RO         8064    .ARM.Collect$$libinit$$00000032  c_w.l(libinit2.o)
    0x08000274   0x08000274   0x00000002   Code   RO         8065    .ARM.Collect$$libinit$$00000033  c_w.l(libinit2.o)
    0x08000276   0x08000276   0x00000002   Code   RO         8112    .ARM.Collect$$libshutdown$$00000000  c_w.l(libshutdown.o)
    0x08000278   0x08000278   0x00000000   Code   RO         8130    .ARM.Collect$$libshutdown$$00000002  c_w.l(libshutdown2.o)
    0x08000278   0x08000278   0x00000000   Code   RO         8132    .ARM.Collect$$libshutdown$$00000004  c_w.l(libshutdown2.o)
    0x08000278   0x08000278   0x00000000   Code   RO         8135    .ARM.Collect$$libshutdown$$00000007  c_w.l(libshutdown2.o)
    0x08000278   0x08000278   0x00000000   Code   RO         8138    .ARM.Collect$$libshutdown$$0000000A  c_w.l(libshutdown2.o)
    0x08000278   0x08000278   0x00000000   Code   RO         8140    .ARM.Collect$$libshutdown$$0000000C  c_w.l(libshutdown2.o)
    0x08000278   0x08000278   0x00000000   Code   RO         8143    .ARM.Collect$$libshutdown$$0000000F  c_w.l(libshutdown2.o)
    0x08000278   0x08000278   0x00000002   Code   RO         8144    .ARM.Collect$$libshutdown$$00000010  c_w.l(libshutdown2.o)
    0x0800027a   0x0800027a   0x00000000   Code   RO         7895    .ARM.Collect$$rtentry$$00000000  c_w.l(__rtentry.o)
    0x0800027a   0x0800027a   0x00000000   Code   RO         7940    .ARM.Collect$$rtentry$$00000002  c_w.l(__rtentry2.o)
    0x0800027a   0x0800027a   0x00000006   Code   RO         7952    .ARM.Collect$$rtentry$$00000004  c_w.l(__rtentry4.o)
    0x08000280   0x08000280   0x00000000   Code   RO         7942    .ARM.Collect$$rtentry$$00000009  c_w.l(__rtentry2.o)
    0x08000280   0x08000280   0x00000004   Code   RO         7943    .ARM.Collect$$rtentry$$0000000A  c_w.l(__rtentry2.o)
    0x08000284   0x08000284   0x00000000   Code   RO         7945    .ARM.Collect$$rtentry$$0000000C  c_w.l(__rtentry2.o)
    0x08000284   0x08000284   0x00000008   Code   RO         7946    .ARM.Collect$$rtentry$$0000000D  c_w.l(__rtentry2.o)
    0x0800028c   0x0800028c   0x00000002   Code   RO         8066    .ARM.Collect$$rtexit$$00000000  c_w.l(rtexit.o)
    0x0800028e   0x0800028e   0x00000000   Code   RO         8081    .ARM.Collect$$rtexit$$00000002  c_w.l(rtexit2.o)
    0x0800028e   0x0800028e   0x00000004   Code   RO         8082    .ARM.Collect$$rtexit$$00000003  c_w.l(rtexit2.o)
    0x08000292   0x08000292   0x00000006   Code   RO         8083    .ARM.Collect$$rtexit$$00000004  c_w.l(rtexit2.o)
    0x08000298   0x08000298   0x000000be   Code   RO         6256    .emb_text           port.o
    0x08000356   0x08000356   0x00000002   PAD
    0x08000358   0x08000358   0x00000040   Code   RO            4    .text               startup_stm32f407xx.o
    0x08000398   0x08000398   0x000000ee   Code   RO         7782    .text               c_w.l(lludivv7m.o)
    0x08000486   0x08000486   0x00000002   PAD
    0x08000488   0x08000488   0x00000038   Code   RO         7784    .text               c_w.l(__2snprintf.o)
    0x080004c0   0x080004c0   0x0000004e   Code   RO         7790    .text               c_w.l(_printf_pad.o)
    0x0800050e   0x0800050e   0x00000052   Code   RO         7792    .text               c_w.l(_printf_str.o)
    0x08000560   0x08000560   0x00000078   Code   RO         7794    .text               c_w.l(_printf_dec.o)
    0x080005d8   0x080005d8   0x00000058   Code   RO         7799    .text               c_w.l(_printf_hex_int.o)
    0x08000630   0x08000630   0x00000188   Code   RO         7834    .text               c_w.l(__printf_flags_ss_wp.o)
    0x080007b8   0x080007b8   0x0000003e   Code   RO         7843    .text               c_w.l(strlen.o)
    0x080007f6   0x080007f6   0x00000096   Code   RO         7845    .text               c_w.l(strncmp.o)
    0x0800088c   0x0800088c   0x0000008a   Code   RO         7847    .text               c_w.l(rt_memcpy_v6.o)
    0x08000916   0x08000916   0x00000064   Code   RO         7849    .text               c_w.l(rt_memcpy_w.o)
    0x0800097a   0x0800097a   0x00000010   Code   RO         7853    .text               c_w.l(aeabi_memset.o)
    0x0800098a   0x0800098a   0x00000044   Code   RO         7855    .text               c_w.l(rt_memclr.o)
    0x080009ce   0x080009ce   0x0000004e   Code   RO         7857    .text               c_w.l(rt_memclr_w.o)
    0x08000a1c   0x08000a1c   0x00000056   Code   RO         7859    .text               c_w.l(strncpy.o)
    0x08000a72   0x08000a72   0x00000002   PAD
    0x08000a74   0x08000a74   0x00000080   Code   RO         7861    .text               c_w.l(strcmpv7m.o)
    0x08000af4   0x08000af4   0x00000006   Code   RO         7863    .text               c_w.l(heapauxi.o)
    0x08000afa   0x08000afa   0x00000016   Code   RO         7900    .text               c_w.l(_rserrno.o)
    0x08000b10   0x08000b10   0x000000b2   Code   RO         7902    .text               c_w.l(_printf_intcommon.o)
    0x08000bc2   0x08000bc2   0x0000041e   Code   RO         7904    .text               c_w.l(_printf_fp_dec.o)
    0x08000fe0   0x08000fe0   0x00000030   Code   RO         7906    .text               c_w.l(_printf_char_common.o)
    0x08001010   0x08001010   0x0000000a   Code   RO         7908    .text               c_w.l(_sputc.o)
    0x0800101a   0x0800101a   0x00000010   Code   RO         7910    .text               c_w.l(_snputc.o)
    0x0800102a   0x0800102a   0x0000002c   Code   RO         7912    .text               c_w.l(_printf_char.o)
    0x08001056   0x08001056   0x00000002   PAD
    0x08001058   0x08001058   0x00000008   Code   RO         7959    .text               c_w.l(rt_locale_intlibspace.o)
    0x08001060   0x08001060   0x00000008   Code   RO         7964    .text               c_w.l(rt_errno_addr_intlibspace.o)
    0x08001068   0x08001068   0x0000008a   Code   RO         7966    .text               c_w.l(lludiv10.o)
    0x080010f2   0x080010f2   0x00000002   PAD
    0x080010f4   0x080010f4   0x00000080   Code   RO         7968    .text               c_w.l(_printf_fp_infnan.o)
    0x08001174   0x08001174   0x000000e4   Code   RO         7972    .text               c_w.l(bigflt0.o)
    0x08001258   0x08001258   0x00000008   Code   RO         8004    .text               c_w.l(libspace.o)
    0x08001260   0x08001260   0x0000004a   Code   RO         8007    .text               c_w.l(sys_stackheap_outer.o)
    0x080012aa   0x080012aa   0x00000012   Code   RO         8009    .text               c_w.l(exit.o)
    0x080012bc   0x080012bc   0x0000000c   Code   RO         8078    .text               c_w.l(sys_exit.o)
    0x080012c8   0x080012c8   0x00000002   Code   RO         8099    .text               c_w.l(use_no_semi.o)
    0x080012ca   0x080012ca   0x00000000   Code   RO         8101    .text               c_w.l(indicate_semi.o)
    0x080012ca   0x080012ca   0x0000003e   Code   RO         7975    CL$$btod_d2e        c_w.l(btod.o)
    0x08001308   0x08001308   0x00000046   Code   RO         7977    CL$$btod_d2e_denorm_low  c_w.l(btod.o)
    0x0800134e   0x0800134e   0x00000060   Code   RO         7976    CL$$btod_d2e_norm_op1  c_w.l(btod.o)
    0x080013ae   0x080013ae   0x00000338   Code   RO         7985    CL$$btod_div_common  c_w.l(btod.o)
    0x080016e6   0x080016e6   0x000000dc   Code   RO         7982    CL$$btod_e2e        c_w.l(btod.o)
    0x080017c2   0x080017c2   0x0000002a   Code   RO         7979    CL$$btod_ediv       c_w.l(btod.o)
    0x080017ec   0x080017ec   0x0000002a   Code   RO         7978    CL$$btod_emul       c_w.l(btod.o)
    0x08001816   0x08001816   0x00000244   Code   RO         7984    CL$$btod_mult_common  c_w.l(btod.o)
    0x08001a5a   0x08001a5a   0x00000002   PAD
    0x08001a5c   0x08001a5c   0x00000128   Code   RO         1575    i.ADC_Init          stm32f4xx_hal_adc.o
    0x08001b84   0x08001b84   0x00000002   Code   RO          376    i.BusFault_Handler  stm32f4xx_it.o
    0x08001b86   0x08001b86   0x00000002   Code   RO          377    i.DebugMon_Handler  stm32f4xx_it.o
    0x08001b88   0x08001b88   0x00000004   Code   RO           13    i.Error_Handler     main.o
    0x08001b8c   0x08001b8c   0x0000014c   Code   RO         1577    i.HAL_ADC_ConfigChannel  stm32f4xx_hal_adc.o
    0x08001cd8   0x08001cd8   0x00000006   Code   RO         1584    i.HAL_ADC_GetValue  stm32f4xx_hal_adc.o
    0x08001cde   0x08001cde   0x00000054   Code   RO         1586    i.HAL_ADC_Init      stm32f4xx_hal_adc.o
    0x08001d32   0x08001d32   0x00000002   PAD
    0x08001d34   0x08001d34   0x00000028   Code   RO          459    i.HAL_ADC_MspInit   stm32f4xx_hal_msp.o
    0x08001d5c   0x08001d5c   0x000000aa   Code   RO         1590    i.HAL_ADC_PollForConversion  stm32f4xx_hal_adc.o
    0x08001e06   0x08001e06   0x00000002   PAD
    0x08001e08   0x08001e08   0x000000fc   Code   RO         1592    i.HAL_ADC_Start     stm32f4xx_hal_adc.o
    0x08001f04   0x08001f04   0x0000003c   Code   RO         1595    i.HAL_ADC_Stop      stm32f4xx_hal_adc.o
    0x08001f40   0x08001f40   0x00000092   Code   RO         2312    i.HAL_DMA_Abort     stm32f4xx_hal_dma.o
    0x08001fd2   0x08001fd2   0x00000024   Code   RO         2313    i.HAL_DMA_Abort_IT  stm32f4xx_hal_dma.o
    0x08001ff6   0x08001ff6   0x00000002   PAD
    0x08001ff8   0x08001ff8   0x00000024   Code   RO         2749    i.HAL_Delay         stm32f4xx_hal.o
    0x0800201c   0x0800201c   0x000001f0   Code   RO         2205    i.HAL_GPIO_Init     stm32f4xx_hal_gpio.o
    0x0800220c   0x0800220c   0x0000000a   Code   RO         2207    i.HAL_GPIO_ReadPin  stm32f4xx_hal_gpio.o
    0x08002216   0x08002216   0x0000000a   Code   RO         2209    i.HAL_GPIO_WritePin  stm32f4xx_hal_gpio.o
    0x08002220   0x08002220   0x0000000c   Code   RO         2755    i.HAL_GetTick       stm32f4xx_hal.o
    0x0800222c   0x0800222c   0x00000188   Code   RO         3011    i.HAL_I2C_Init      stm32f4xx_hal_i2c.o
    0x080023b4   0x080023b4   0x0000016c   Code   RO         3012    i.HAL_I2C_IsDeviceReady  stm32f4xx_hal_i2c.o
    0x08002520   0x08002520   0x000001f0   Code   RO         3017    i.HAL_I2C_Master_Receive  stm32f4xx_hal_i2c.o
    0x08002710   0x08002710   0x0000012c   Code   RO         3024    i.HAL_I2C_Master_Transmit  stm32f4xx_hal_i2c.o
    0x0800283c   0x0800283c   0x00000068   Code   RO          461    i.HAL_I2C_MspInit   stm32f4xx_hal_msp.o
    0x080028a4   0x080028a4   0x00000010   Code   RO         2761    i.HAL_IncTick       stm32f4xx_hal.o
    0x080028b4   0x080028b4   0x00000034   Code   RO         2762    i.HAL_Init          stm32f4xx_hal.o
    0x080028e8   0x080028e8   0x00000098   Code   RO          560    i.HAL_InitTick      stm32f4xx_hal_timebase_tim.o
    0x08002980   0x08002980   0x00000038   Code   RO          462    i.HAL_MspInit       stm32f4xx_hal_msp.o
    0x080029b8   0x080029b8   0x0000001a   Code   RO         2597    i.HAL_NVIC_EnableIRQ  stm32f4xx_hal_cortex.o
    0x080029d2   0x080029d2   0x00000002   PAD
    0x080029d4   0x080029d4   0x00000040   Code   RO         2603    i.HAL_NVIC_SetPriority  stm32f4xx_hal_cortex.o
    0x08002a14   0x08002a14   0x00000024   Code   RO         2604    i.HAL_NVIC_SetPriorityGrouping  stm32f4xx_hal_cortex.o
    0x08002a38   0x08002a38   0x0000013c   Code   RO         1956    i.HAL_RCCEx_PeriphCLKConfig  stm32f4xx_hal_rcc_ex.o
    0x08002b74   0x08002b74   0x00000134   Code   RO         1851    i.HAL_RCC_ClockConfig  stm32f4xx_hal_rcc.o
    0x08002ca8   0x08002ca8   0x00000040   Code   RO         1855    i.HAL_RCC_GetClockConfig  stm32f4xx_hal_rcc.o
    0x08002ce8   0x08002ce8   0x00000020   Code   RO         1858    i.HAL_RCC_GetPCLK1Freq  stm32f4xx_hal_rcc.o
    0x08002d08   0x08002d08   0x00000020   Code   RO         1859    i.HAL_RCC_GetPCLK2Freq  stm32f4xx_hal_rcc.o
    0x08002d28   0x08002d28   0x00000060   Code   RO         1860    i.HAL_RCC_GetSysClockFreq  stm32f4xx_hal_rcc.o
    0x08002d88   0x08002d88   0x0000036c   Code   RO         1863    i.HAL_RCC_OscConfig  stm32f4xx_hal_rcc.o
    0x080030f4   0x080030f4   0x0000000a   Code   RO         3628    i.HAL_RTCEx_BKUPRead  stm32f4xx_hal_rtc_ex.o
    0x080030fe   0x080030fe   0x0000000a   Code   RO         3629    i.HAL_RTCEx_BKUPWrite  stm32f4xx_hal_rtc_ex.o
    0x08003108   0x08003108   0x00000044   Code   RO         3465    i.HAL_RTC_GetDate   stm32f4xx_hal_rtc.o
    0x0800314c   0x0800314c   0x00000054   Code   RO         3467    i.HAL_RTC_GetTime   stm32f4xx_hal_rtc.o
    0x080031a0   0x080031a0   0x0000009c   Code   RO         3468    i.HAL_RTC_Init      stm32f4xx_hal_rtc.o
    0x0800323c   0x0800323c   0x00000038   Code   RO          464    i.HAL_RTC_MspInit   stm32f4xx_hal_msp.o
    0x08003274   0x08003274   0x00000098   Code   RO         3474    i.HAL_RTC_SetDate   stm32f4xx_hal_rtc.o
    0x0800330c   0x0800330c   0x000000c0   Code   RO         3475    i.HAL_RTC_SetTime   stm32f4xx_hal_rtc.o
    0x080033cc   0x080033cc   0x00000038   Code   RO         3476    i.HAL_RTC_WaitForSynchro  stm32f4xx_hal_rtc.o
    0x08003404   0x08003404   0x000000bc   Code   RO         3866    i.HAL_SPI_Init      stm32f4xx_hal_spi.o
    0x080034c0   0x080034c0   0x000000d0   Code   RO          466    i.HAL_SPI_MspInit   stm32f4xx_hal_msp.o
    0x08003590   0x08003590   0x00000154   Code   RO         3869    i.HAL_SPI_Receive   stm32f4xx_hal_spi.o
    0x080036e4   0x080036e4   0x00000166   Code   RO         3874    i.HAL_SPI_Transmit  stm32f4xx_hal_spi.o
    0x0800384a   0x0800384a   0x000001f0   Code   RO         3875    i.HAL_SPI_TransmitReceive  stm32f4xx_hal_spi.o
    0x08003a3a   0x08003a3a   0x00000002   Code   RO         1305    i.HAL_TIMEx_BreakCallback  stm32f4xx_hal_tim_ex.o
    0x08003a3c   0x08003a3c   0x00000002   Code   RO         1306    i.HAL_TIMEx_CommutCallback  stm32f4xx_hal_tim_ex.o
    0x08003a3e   0x08003a3e   0x00000002   PAD
    0x08003a40   0x08003a40   0x00000090   Code   RO         1324    i.HAL_TIMEx_MasterConfigSynchronization  stm32f4xx_hal_tim_ex.o
    0x08003ad0   0x08003ad0   0x0000005a   Code   RO          601    i.HAL_TIM_Base_Init  stm32f4xx_hal_tim.o
    0x08003b2a   0x08003b2a   0x00000002   PAD
    0x08003b2c   0x08003b2c   0x000000d0   Code   RO          468    i.HAL_TIM_Base_MspInit  stm32f4xx_hal_msp.o
    0x08003bfc   0x08003bfc   0x00000080   Code   RO          606    i.HAL_TIM_Base_Start_IT  stm32f4xx_hal_tim.o
    0x08003c7c   0x08003c7c   0x000000dc   Code   RO          610    i.HAL_TIM_ConfigClockSource  stm32f4xx_hal_tim.o
    0x08003d58   0x08003d58   0x00000002   Code   RO          635    i.HAL_TIM_IC_CaptureCallback  stm32f4xx_hal_tim.o
    0x08003d5a   0x08003d5a   0x00000130   Code   RO          649    i.HAL_TIM_IRQHandler  stm32f4xx_hal_tim.o
    0x08003e8a   0x08003e8a   0x00000002   PAD
    0x08003e8c   0x08003e8c   0x00000050   Code   RO          469    i.HAL_TIM_MspPostInit  stm32f4xx_hal_msp.o
    0x08003edc   0x08003edc   0x00000002   Code   RO          652    i.HAL_TIM_OC_DelayElapsedCallback  stm32f4xx_hal_tim.o
    0x08003ede   0x08003ede   0x000000cc   Code   RO          673    i.HAL_TIM_PWM_ConfigChannel  stm32f4xx_hal_tim.o
    0x08003faa   0x08003faa   0x0000005a   Code   RO          676    i.HAL_TIM_PWM_Init  stm32f4xx_hal_tim.o
    0x08004004   0x08004004   0x00000002   Code   RO          678    i.HAL_TIM_PWM_MspInit  stm32f4xx_hal_tim.o
    0x08004006   0x08004006   0x00000002   Code   RO          679    i.HAL_TIM_PWM_PulseFinishedCallback  stm32f4xx_hal_tim.o
    0x08004008   0x08004008   0x000000c8   Code   RO          681    i.HAL_TIM_PWM_Start  stm32f4xx_hal_tim.o
    0x080040d0   0x080040d0   0x0000007c   Code   RO          684    i.HAL_TIM_PWM_Stop  stm32f4xx_hal_tim.o
    0x0800414c   0x0800414c   0x00000014   Code   RO           14    i.HAL_TIM_PeriodElapsedCallback  main.o
    0x08004160   0x08004160   0x00000002   Code   RO          692    i.HAL_TIM_TriggerCallback  stm32f4xx_hal_tim.o
    0x08004162   0x08004162   0x00000002   Code   RO         4189    i.HAL_UARTEx_RxEventCallback  stm32f4xx_hal_uart.o
    0x08004164   0x08004164   0x00000002   Code   RO         4203    i.HAL_UART_ErrorCallback  stm32f4xx_hal_uart.o
    0x08004166   0x08004166   0x00000002   PAD
    0x08004168   0x08004168   0x00000280   Code   RO         4206    i.HAL_UART_IRQHandler  stm32f4xx_hal_uart.o
    0x080043e8   0x080043e8   0x00000064   Code   RO         4207    i.HAL_UART_Init     stm32f4xx_hal_uart.o
    0x0800444c   0x0800444c   0x0000007c   Code   RO          471    i.HAL_UART_MspInit  stm32f4xx_hal_msp.o
    0x080044c8   0x080044c8   0x00000002   Code   RO         4213    i.HAL_UART_RxCpltCallback  stm32f4xx_hal_uart.o
    0x080044ca   0x080044ca   0x000000a0   Code   RO         4215    i.HAL_UART_Transmit  stm32f4xx_hal_uart.o
    0x0800456a   0x0800456a   0x00000002   Code   RO         4218    i.HAL_UART_TxCpltCallback  stm32f4xx_hal_uart.o
    0x0800456c   0x0800456c   0x00000002   Code   RO          378    i.HardFault_Handler  stm32f4xx_it.o
    0x0800456e   0x0800456e   0x0000002e   Code   RO         3054    i.I2C_IsAcknowledgeFailed  stm32f4xx_hal_i2c.o
    0x0800459c   0x0800459c   0x000000ec   Code   RO         3057    i.I2C_MasterRequestRead  stm32f4xx_hal_i2c.o
    0x08004688   0x08004688   0x0000009c   Code   RO         3058    i.I2C_MasterRequestWrite  stm32f4xx_hal_i2c.o
    0x08004724   0x08004724   0x00000056   Code   RO         3069    i.I2C_WaitOnBTFFlagUntilTimeout  stm32f4xx_hal_i2c.o
    0x0800477a   0x0800477a   0x00000002   PAD
    0x0800477c   0x0800477c   0x00000090   Code   RO         3070    i.I2C_WaitOnFlagUntilTimeout  stm32f4xx_hal_i2c.o
    0x0800480c   0x0800480c   0x000000bc   Code   RO         3071    i.I2C_WaitOnMasterAddressFlagUntilTimeout  stm32f4xx_hal_i2c.o
    0x080048c8   0x080048c8   0x00000070   Code   RO         3072    i.I2C_WaitOnRXNEFlagUntilTimeout  stm32f4xx_hal_i2c.o
    0x08004938   0x08004938   0x00000056   Code   RO         3073    i.I2C_WaitOnTXEFlagUntilTimeout  stm32f4xx_hal_i2c.o
    0x0800498e   0x0800498e   0x00000002   PAD
    0x08004990   0x08004990   0x00000068   Code   RO           15    i.MX_ADC1_Init      main.o
    0x080049f8   0x080049f8   0x00000104   Code   RO           16    i.MX_GPIO_Init      main.o
    0x08004afc   0x08004afc   0x0000009c   Code   RO           17    i.MX_RTC_Init       main.o
    0x08004b98   0x08004b98   0x00000044   Code   RO           18    i.MX_SPI1_Init      main.o
    0x08004bdc   0x08004bdc   0x00000044   Code   RO           19    i.MX_SPI2_Init      main.o
    0x08004c20   0x08004c20   0x00000064   Code   RO           20    i.MX_TIM2_Init      main.o
    0x08004c84   0x08004c84   0x00000098   Code   RO           21    i.MX_TIM3_Init      main.o
    0x08004d1c   0x08004d1c   0x00000068   Code   RO           22    i.MX_TIM4_Init      main.o
    0x08004d84   0x08004d84   0x00000068   Code   RO           23    i.MX_TIM5_Init      main.o
    0x08004dec   0x08004dec   0x00000002   Code   RO          379    i.MemManage_Handler  stm32f4xx_it.o
    0x08004dee   0x08004dee   0x00000002   Code   RO          380    i.NMI_Handler       stm32f4xx_it.o
    0x08004df0   0x08004df0   0x00000012   Code   RO         3477    i.RTC_Bcd2ToByte    stm32f4xx_hal_rtc.o
    0x08004e02   0x08004e02   0x00000016   Code   RO         3478    i.RTC_ByteToBcd2    stm32f4xx_hal_rtc.o
    0x08004e18   0x08004e18   0x00000048   Code   RO         3479    i.RTC_EnterInitMode  stm32f4xx_hal_rtc.o
    0x08004e60   0x08004e60   0x0000002a   Code   RO         3480    i.RTC_ExitInitMode  stm32f4xx_hal_rtc.o
    0x08004e8a   0x08004e8a   0x0000005c   Code   RO         3903    i.SPI_EndRxTransaction  stm32f4xx_hal_spi.o
    0x08004ee6   0x08004ee6   0x00000002   PAD
    0x08004ee8   0x08004ee8   0x0000006c   Code   RO         3904    i.SPI_EndRxTxTransaction  stm32f4xx_hal_spi.o
    0x08004f54   0x08004f54   0x000000bc   Code   RO         3909    i.SPI_WaitFlagStateUntilTimeout  stm32f4xx_hal_spi.o
    0x08005010   0x08005010   0x00000118   Code   RO          317    i.StartTaskBG       freertos.o
    0x08005128   0x08005128   0x00000048   Code   RO          318    i.StartTaskButton   freertos.o
    0x08005170   0x08005170   0x0000001c   Code   RO          319    i.StartTaskDisplay  freertos.o
    0x0800518c   0x0800518c   0x00000094   Code   RO          320    i.StartTaskMotor    freertos.o
    0x08005220   0x08005220   0x0000001a   Code   RO         5688    i.SysTick_Handler   cmsis_os2.o
    0x0800523a   0x0800523a   0x00000002   PAD
    0x0800523c   0x0800523c   0x0000009c   Code   RO           24    i.SystemClock_Config  main.o
    0x080052d8   0x080052d8   0x00000010   Code   RO         4541    i.SystemInit        system_stm32f4xx.o
    0x080052e8   0x080052e8   0x0000000c   Code   RO          381    i.TIM4_IRQHandler   stm32f4xx_it.o
    0x080052f4   0x080052f4   0x0000000c   Code   RO          382    i.TIM5_IRQHandler   stm32f4xx_it.o
    0x08005300   0x08005300   0x0000000c   Code   RO          383    i.TIM6_DAC_IRQHandler  stm32f4xx_it.o
    0x0800530c   0x0800530c   0x000000d0   Code   RO          694    i.TIM_Base_SetConfig  stm32f4xx_hal_tim.o
    0x080053dc   0x080053dc   0x0000001a   Code   RO          695    i.TIM_CCxChannelCmd  stm32f4xx_hal_tim.o
    0x080053f6   0x080053f6   0x00000014   Code   RO          705    i.TIM_ETR_SetConfig  stm32f4xx_hal_tim.o
    0x0800540a   0x0800540a   0x00000010   Code   RO          706    i.TIM_ITRx_SetConfig  stm32f4xx_hal_tim.o
    0x0800541a   0x0800541a   0x00000002   PAD
    0x0800541c   0x0800541c   0x00000060   Code   RO          707    i.TIM_OC1_SetConfig  stm32f4xx_hal_tim.o
    0x0800547c   0x0800547c   0x0000006c   Code   RO          708    i.TIM_OC2_SetConfig  stm32f4xx_hal_tim.o
    0x080054e8   0x080054e8   0x00000068   Code   RO          709    i.TIM_OC3_SetConfig  stm32f4xx_hal_tim.o
    0x08005550   0x08005550   0x00000050   Code   RO          710    i.TIM_OC4_SetConfig  stm32f4xx_hal_tim.o
    0x080055a0   0x080055a0   0x00000022   Code   RO          712    i.TIM_TI1_ConfigInputStage  stm32f4xx_hal_tim.o
    0x080055c2   0x080055c2   0x00000024   Code   RO          714    i.TIM_TI2_ConfigInputStage  stm32f4xx_hal_tim.o
    0x080055e6   0x080055e6   0x0000000e   Code   RO         4220    i.UART_DMAAbortOnError  stm32f4xx_hal_uart.o
    0x080055f4   0x080055f4   0x0000004e   Code   RO         4230    i.UART_EndRxTransfer  stm32f4xx_hal_uart.o
    0x08005642   0x08005642   0x000000c2   Code   RO         4232    i.UART_Receive_IT   stm32f4xx_hal_uart.o
    0x08005704   0x08005704   0x0000010c   Code   RO         4233    i.UART_SetConfig    stm32f4xx_hal_uart.o
    0x08005810   0x08005810   0x00000072   Code   RO         4236    i.UART_WaitOnFlagUntilTimeout  stm32f4xx_hal_uart.o
    0x08005882   0x08005882   0x00000002   PAD
    0x08005884   0x08005884   0x0000000c   Code   RO          384    i.USART1_IRQHandler  stm32f4xx_it.o
    0x08005890   0x08005890   0x00000002   Code   RO          385    i.UsageFault_Handler  stm32f4xx_it.o
    0x08005892   0x08005892   0x00000030   Code   RO         8002    i.__ARM_fpclassify  m_wm.l(fpclassify.o)
    0x080058c2   0x080058c2   0x00000026   Code   RO         7920    i.__ARM_fpclassifyf  m_wm.l(fpclassifyf.o)
    0x080058e8   0x080058e8   0x00000020   Code   RO         2610    i.__NVIC_SetPriority  stm32f4xx_hal_cortex.o
    0x08005908   0x08005908   0x00000150   Code   RO         7871    i.__hardfp_cosf     m_wm.l(cosf.o)
    0x08005a58   0x08005a58   0x00000190   Code   RO         7883    i.__hardfp_sinf     m_wm.l(sinf.o)
    0x08005be8   0x08005be8   0x00000006   Code   RO         7923    i.__mathlib_flt_infnan  m_wm.l(funder.o)
    0x08005bee   0x08005bee   0x00000002   PAD
    0x08005bf0   0x08005bf0   0x00000010   Code   RO         7925    i.__mathlib_flt_invalid  m_wm.l(funder.o)
    0x08005c00   0x08005c00   0x00000010   Code   RO         7928    i.__mathlib_flt_underflow  m_wm.l(funder.o)
    0x08005c10   0x08005c10   0x00000154   Code   RO         7936    i.__mathlib_rredf2  m_wm.l(rredf.o)
    0x08005d64   0x08005d64   0x0000000e   Code   RO         7827    i._is_digit         c_w.l(__printf_wp.o)
    0x08005d72   0x08005d72   0x00000002   PAD
    0x08005d74   0x08005d74   0x00000010   Code   RO         6665    i.a4988_enable      a4988.o
    0x08005d84   0x08005d84   0x0000000c   Code   RO         6666    i.a4988_get_state   a4988.o
    0x08005d90   0x08005d90   0x000000c8   Code   RO         6667    i.a4988_init        a4988.o
    0x08005e58   0x08005e58   0x00000018   Code   RO         6670    i.a4988_set_direction  a4988.o
    0x08005e70   0x08005e70   0x00000018   Code   RO         6671    i.a4988_set_microstep  a4988.o
    0x08005e88   0x08005e88   0x0000005c   Code   RO         6672    i.a4988_set_speed   a4988.o
    0x08005ee4   0x08005ee4   0x00000070   Code   RO         6673    i.a4988_vibrate     a4988.o
    0x08005f54   0x08005f54   0x00000038   Code   RO         7153    i.angle_diff        pointer_engine.o
    0x08005f8c   0x08005f8c   0x00000034   Code   RO         6755    i.button_get_event  button.o
    0x08005fc0   0x08005fc0   0x0000000c   Code   RO         6757    i.button_has_event  button.o
    0x08005fcc   0x08005fcc   0x000000b0   Code   RO         6758    i.button_init       button.o
    0x0800607c   0x0800607c   0x000000f8   Code   RO         6760    i.button_scan       button.o
    0x08006174   0x08006174   0x00000042   Code   RO         6336    i.clip_rect         st7735.o
    0x080061b6   0x080061b6   0x00000002   PAD
    0x080061b8   0x080061b8   0x00000078   Code   RO         7485    i.clock_mode_enter  clock_mode.o
    0x08006230   0x08006230   0x0000005c   Code   RO         7486    i.clock_mode_exit   clock_mode.o
    0x0800628c   0x0800628c   0x000000b0   Code   RO         7487    i.clock_mode_handle_button  clock_mode.o
    0x0800633c   0x0800633c   0x00000090   Code   RO         7488    i.clock_mode_init   clock_mode.o
    0x080063cc   0x080063cc   0x00000194   Code   RO         7489    i.clock_mode_render  clock_mode.o
    0x08006560   0x08006560   0x00000030   Code   RO         7490    i.clock_mode_update  clock_mode.o
    0x08006590   0x08006590   0x00000010   Code   RO         6337    i.cs_high           st7735.o
    0x080065a0   0x080065a0   0x00000010   Code   RO         6338    i.cs_low            st7735.o
    0x080065b0   0x080065b0   0x00000040   Code   RO         7712    i.days_in_month     settings_mode.o
    0x080065f0   0x080065f0   0x00000010   Code   RO         6339    i.dc_high           st7735.o
    0x08006600   0x08006600   0x00000060   Code   RO         7492    i.display_changed   clock_mode.o
    0x08006660   0x08006660   0x0000009c   Code   RO         6340    i.draw_char_raw     st7735.o
    0x080066fc   0x080066fc   0x00000044   Code   RO         7267    i.find_entry        fs_mgr.o
    0x08006740   0x08006740   0x0000008c   Code   RO         7268    i.flush_directory   fs_mgr.o
    0x080067cc   0x080067cc   0x00000032   Code   RO         6341    i.font_get_size     st7735.o
    0x080067fe   0x080067fe   0x00000002   PAD
    0x08006800   0x08006800   0x00000118   Code   RO         7269    i.format_internal   fs_mgr.o
    0x08006918   0x08006918   0x00000020   Code   RO         7271    i.fs_config_exists  fs_mgr.o
    0x08006938   0x08006938   0x00000194   Code   RO         7272    i.fs_config_format  fs_mgr.o
    0x08006acc   0x08006acc   0x00000204   Code   RO         7273    i.fs_config_load    fs_mgr.o
    0x08006cd0   0x08006cd0   0x00000424   Code   RO         7274    i.fs_config_save    fs_mgr.o
    0x080070f4   0x080070f4   0x00000284   Code   RO         7280    i.fs_mgr_init       fs_mgr.o
    0x08007378   0x08007378   0x00000020   Code   RO         7020    i.gui_dirty_clear   gui.o
    0x08007398   0x08007398   0x00000028   Code   RO         7022    i.gui_dirty_get_count  gui.o
    0x080073c0   0x080073c0   0x0000019c   Code   RO         7023    i.gui_dirty_mark    gui.o
    0x0800755c   0x0800755c   0x00000058   Code   RO         7024    i.gui_dirty_merge   gui.o
    0x080075b4   0x080075b4   0x00000170   Code   RO         7025    i.gui_draw_arc      gui.o
    0x08007724   0x08007724   0x00000064   Code   RO         7026    i.gui_draw_icon     gui.o
    0x08007788   0x08007788   0x000000ec   Code   RO         7027    i.gui_draw_meter    gui.o
    0x08007874   0x08007874   0x000000a0   Code   RO         7028    i.gui_draw_text_aligned  gui.o
    0x08007914   0x08007914   0x00000098   Code   RO         7029    i.gui_draw_text_centered  gui.o
    0x080079ac   0x080079ac   0x000001c8   Code   RO         7030    i.gui_draw_tick_marks  gui.o
    0x08007b74   0x08007b74   0x00000064   Code   RO         7031    i.gui_init          gui.o
    0x08007bd8   0x08007bd8   0x00000014   Code   RO         7032    i.gui_map_font      gui.o
    0x08007bec   0x08007bec   0x00000068   Code   RO         7033    i.gui_text_size     gui.o
    0x08007c54   0x08007c54   0x0000002c   Code   RO         6342    i.lcd_write_cmd     st7735.o
    0x08007c80   0x08007c80   0x00000024   Code   RO         6343    i.lcd_write_data8   st7735.o
    0x08007ca4   0x08007ca4   0x00000010   Code   RO           26    i.log_uart_send     main.o
    0x08007cb4   0x08007cb4   0x00000010   Code   RO         6345    i.log_uart_send     st7735.o
    0x08007cc4   0x08007cc4   0x00000010   Code   RO         6512    i.log_uart_send     w25q64.o
    0x08007cd4   0x08007cd4   0x00000010   Code   RO         6827    i.log_uart_send     temp_adc.o
    0x08007ce4   0x08007ce4   0x00000010   Code   RO         6865    i.log_uart_send     temp_sensor.o
    0x08007cf4   0x08007cf4   0x00000010   Code   RO         6939    i.log_uart_send     rtc_drv.o
    0x08007d04   0x08007d04   0x00000010   Code   RO         7034    i.log_uart_send     gui.o
    0x08007d14   0x08007d14   0x00000010   Code   RO         7154    i.log_uart_send     pointer_engine.o
    0x08007d24   0x08007d24   0x00000010   Code   RO         7285    i.log_uart_send     fs_mgr.o
    0x08007d34   0x08007d34   0x00000010   Code   RO         7398    i.log_uart_send     mode_manager.o
    0x08007d44   0x08007d44   0x00000010   Code   RO         7493    i.log_uart_send     clock_mode.o
    0x08007d54   0x08007d54   0x00000010   Code   RO         7630    i.log_uart_send     timer_mode.o
    0x08007d64   0x08007d64   0x00000010   Code   RO         7713    i.log_uart_send     settings_mode.o
    0x08007d74   0x08007d74   0x000002a0   Code   RO           27    i.main              main.o
    0x08008014   0x08008014   0x0000005c   Code   RO         7401    i.mode_manager_handle_button  mode_manager.o
    0x08008070   0x08008070   0x00000144   Code   RO         7402    i.mode_manager_init  mode_manager.o
    0x080081b4   0x080081b4   0x00000020   Code   RO         7403    i.mode_manager_render  mode_manager.o
    0x080081d4   0x080081d4   0x000000bc   Code   RO         7405    i.mode_manager_switch_to  mode_manager.o
    0x08008290   0x08008290   0x00000020   Code   RO         7406    i.mode_manager_update  mode_manager.o
    0x080082b0   0x080082b0   0x0000000c   Code   RO         6674    i.motor_pwm_start   a4988.o
    0x080082bc   0x080082bc   0x0000000c   Code   RO         6675    i.motor_pwm_stop    a4988.o
    0x080082c8   0x080082c8   0x00000030   Code   RO         7155    i.normalize_angle   pointer_engine.o
    0x080082f8   0x080082f8   0x0000001a   Code   RO         5690    i.osDelay           cmsis_os2.o
    0x08008312   0x08008312   0x0000002c   Code   RO         5695    i.osEventFlagsNew   cmsis_os2.o
    0x0800833e   0x0800833e   0x00000002   PAD
    0x08008340   0x08008340   0x00000054   Code   RO         5696    i.osEventFlagsSet   cmsis_os2.o
    0x08008394   0x08008394   0x0000000e   Code   RO         5702    i.osKernelGetTickCount  cmsis_os2.o
    0x080083a2   0x080083a2   0x00000002   PAD
    0x080083a4   0x080083a4   0x00000024   Code   RO         5704    i.osKernelInitialize  cmsis_os2.o
    0x080083c8   0x080083c8   0x00000038   Code   RO         5707    i.osKernelStart     cmsis_os2.o
    0x08008400   0x08008400   0x00000064   Code   RO         5719    i.osMessageQueueGet  cmsis_os2.o
    0x08008464   0x08008464   0x00000058   Code   RO         5724    i.osMessageQueueNew  cmsis_os2.o
    0x080084bc   0x080084bc   0x00000068   Code   RO         5725    i.osMessageQueuePut  cmsis_os2.o
    0x08008524   0x08008524   0x0000008a   Code   RO         5749    i.osThreadNew       cmsis_os2.o
    0x080085ae   0x080085ae   0x00000002   PAD
    0x080085b0   0x080085b0   0x00000090   Code   RO         7157    i.pointer_engine_init  pointer_engine.o
    0x08008640   0x08008640   0x00000118   Code   RO         7158    i.pointer_engine_update  pointer_engine.o
    0x08008758   0x08008758   0x0000000c   Code   RO         7159    i.pointer_get_current_angle  pointer_engine.o
    0x08008764   0x08008764   0x00000030   Code   RO         7162    i.pointer_set_clock  pointer_engine.o
    0x08008794   0x08008794   0x00000030   Code   RO         7163    i.pointer_set_clock_24h  pointer_engine.o
    0x080087c4   0x080087c4   0x0000003c   Code   RO         7164    i.pointer_set_page  pointer_engine.o
    0x08008800   0x08008800   0x000000e0   Code   RO         7165    i.pointer_set_target  pointer_engine.o
    0x080088e0   0x080088e0   0x00000060   Code   RO         7166    i.pointer_set_temperature  pointer_engine.o
    0x08008940   0x08008940   0x0000004c   Code   RO         7167    i.pointer_set_timer  pointer_engine.o
    0x0800898c   0x0800898c   0x0000005c   Code   RO         5149    i.prvAddCurrentTaskToDelayedList  tasks.o
    0x080089e8   0x080089e8   0x000000d0   Code   RO         5150    i.prvAddNewTaskToReadyList  tasks.o
    0x08008ab8   0x08008ab8   0x00000058   Code   RO         5514    i.prvCheckForValidListAndQueue  timers.o
    0x08008b10   0x08008b10   0x00000026   Code   RO         4746    i.prvCopyDataFromQueue  queue.o
    0x08008b36   0x08008b36   0x0000006c   Code   RO         4747    i.prvCopyDataToQueue  queue.o
    0x08008ba2   0x08008ba2   0x00000034   Code   RO         5151    i.prvDeleteTCB      tasks.o
    0x08008bd6   0x08008bd6   0x00000002   PAD
    0x08008bd8   0x08008bd8   0x0000004c   Code   RO         6201    i.prvHeapInit       heap_4.o
    0x08008c24   0x08008c24   0x00000060   Code   RO         5152    i.prvIdleTask       tasks.o
    0x08008c84   0x08008c84   0x00000022   Code   RO         4749    i.prvInitialiseNewQueue  queue.o
    0x08008ca6   0x08008ca6   0x00000002   PAD
    0x08008ca8   0x08008ca8   0x000000b0   Code   RO         5153    i.prvInitialiseNewTask  tasks.o
    0x08008d58   0x08008d58   0x0000004c   Code   RO         6202    i.prvInsertBlockIntoFreeList  heap_4.o
    0x08008da4   0x08008da4   0x00000038   Code   RO         5516    i.prvInsertTimerInActiveList  timers.o
    0x08008ddc   0x08008ddc   0x0000001c   Code   RO         4750    i.prvIsQueueEmpty   queue.o
    0x08008df8   0x08008df8   0x000000fc   Code   RO         5517    i.prvProcessReceivedCommands  timers.o
    0x08008ef4   0x08008ef4   0x000000c0   Code   RO         5518    i.prvProcessTimerOrBlockTask  timers.o
    0x08008fb4   0x08008fb4   0x00000020   Code   RO         5155    i.prvResetNextTaskUnblockTime  tasks.o
    0x08008fd4   0x08008fd4   0x00000028   Code   RO         5519    i.prvSampleTimeNow  timers.o
    0x08008ffc   0x08008ffc   0x0000006c   Code   RO         5520    i.prvSwitchTimerLists  timers.o
    0x08009068   0x08009068   0x00000028   Code   RO         6257    i.prvTaskExitError  port.o
    0x08009090   0x08009090   0x00000024   Code   RO         5521    i.prvTimerTask      timers.o
    0x080090b4   0x080090b4   0x0000006a   Code   RO         4751    i.prvUnlockQueue    queue.o
    0x0800911e   0x0800911e   0x00000002   PAD
    0x08009120   0x08009120   0x000000dc   Code   RO         6203    i.pvPortMalloc      heap_4.o
    0x080091fc   0x080091fc   0x0000002c   Code   RO         6258    i.pxPortInitialiseStack  port.o
    0x08009228   0x08009228   0x00000018   Code   RO         6761    i.queue_is_empty    button.o
    0x08009240   0x08009240   0x0000003c   Code   RO         6762    i.queue_push        button.o
    0x0800927c   0x0800927c   0x00000032   Code   RO         7035    i.rect_overlap      gui.o
    0x080092ae   0x080092ae   0x00000056   Code   RO         7036    i.rect_union        gui.o
    0x08009304   0x08009304   0x00000080   Code   RO         6940    i.rtc_drv_get_datetime  rtc_drv.o
    0x08009384   0x08009384   0x0000000c   Code   RO         6941    i.rtc_drv_get_format  rtc_drv.o
    0x08009390   0x08009390   0x0000001e   Code   RO         6942    i.rtc_drv_get_hour12  rtc_drv.o
    0x080093ae   0x080093ae   0x00000002   PAD
    0x080093b0   0x080093b0   0x00000160   Code   RO         6943    i.rtc_drv_init      rtc_drv.o
    0x08009510   0x08009510   0x00000018   Code   RO         6944    i.rtc_drv_is_pm     rtc_drv.o
    0x08009528   0x08009528   0x0000000c   Code   RO         6945    i.rtc_drv_is_valid  rtc_drv.o
    0x08009534   0x08009534   0x00000070   Code   RO         6946    i.rtc_drv_set_datetime  rtc_drv.o
    0x080095a4   0x080095a4   0x00000028   Code   RO         6947    i.rtc_drv_set_format  rtc_drv.o
    0x080095cc   0x080095cc   0x00000020   Code   RO         6948    i.rtc_drv_weekday_str  rtc_drv.o
    0x080095ec   0x080095ec   0x00000028   Code   RO         7714    i.settings_mode_enter  settings_mode.o
    0x08009614   0x08009614   0x000000c4   Code   RO         7715    i.settings_mode_exit  settings_mode.o
    0x080096d8   0x080096d8   0x00000378   Code   RO         7716    i.settings_mode_handle_button  settings_mode.o
    0x08009a50   0x08009a50   0x000000d4   Code   RO         7717    i.settings_mode_init  settings_mode.o
    0x08009b24   0x08009b24   0x000004bc   Code   RO         7718    i.settings_mode_render  settings_mode.o
    0x08009fe0   0x08009fe0   0x00000010   Code   RO         7719    i.settings_mode_update  settings_mode.o
    0x08009ff0   0x08009ff0   0x000000f4   Code   RO         6866    i.sht30_init        temp_sensor.o
    0x0800a0e4   0x0800a0e4   0x000001bc   Code   RO         6868    i.sht30_read        temp_sensor.o
    0x0800a2a0   0x0800a2a0   0x000000aa   Code   RO         6347    i.st7735_draw_char  st7735.o
    0x0800a34a   0x0800a34a   0x00000090   Code   RO         6349    i.st7735_draw_line  st7735.o
    0x0800a3da   0x0800a3da   0x00000002   PAD
    0x0800a3dc   0x0800a3dc   0x0000004c   Code   RO         6350    i.st7735_draw_pixel  st7735.o
    0x0800a428   0x0800a428   0x00000066   Code   RO         6351    i.st7735_draw_rect  st7735.o
    0x0800a48e   0x0800a48e   0x00000002   PAD
    0x0800a490   0x0800a490   0x0000004c   Code   RO         6352    i.st7735_draw_text  st7735.o
    0x0800a4dc   0x0800a4dc   0x00000090   Code   RO         6354    i.st7735_fill_rect  st7735.o
    0x0800a56c   0x0800a56c   0x00000012   Code   RO         6355    i.st7735_fill_screen  st7735.o
    0x0800a57e   0x0800a57e   0x00000002   PAD
    0x0800a580   0x0800a580   0x00000118   Code   RO         6356    i.st7735_init       st7735.o
    0x0800a698   0x0800a698   0x0000002c   Code   RO         6357    i.st7735_reset      st7735.o
    0x0800a6c4   0x0800a6c4   0x00000018   Code   RO         6358    i.st7735_set_backlight_pwm  st7735.o
    0x0800a6dc   0x0800a6dc   0x00000010   Code   RO         6359    i.st7735_set_brightness  st7735.o
    0x0800a6ec   0x0800a6ec   0x00000032   Code   RO         6360    i.st7735_set_rotation  st7735.o
    0x0800a71e   0x0800a71e   0x00000082   Code   RO         6361    i.st7735_set_window  st7735.o
    0x0800a7a0   0x0800a7a0   0x00000104   Code   RO         6828    i.temp_adc_init     temp_adc.o
    0x0800a8a4   0x0800a8a4   0x000000ac   Code   RO         6829    i.temp_adc_read_celsius  temp_adc.o
    0x0800a950   0x0800a950   0x00000024   Code   RO         7561    i.temp_mode_enter   temp_mode.o
    0x0800a974   0x0800a974   0x00000002   Code   RO         7562    i.temp_mode_exit    temp_mode.o
    0x0800a976   0x0800a976   0x00000002   PAD
    0x0800a978   0x0800a978   0x00000034   Code   RO         7563    i.temp_mode_handle_button  temp_mode.o
    0x0800a9ac   0x0800a9ac   0x00000014   Code   RO         7564    i.temp_mode_init    temp_mode.o
    0x0800a9c0   0x0800a9c0   0x00000138   Code   RO         7566    i.temp_mode_render  temp_mode.o
    0x0800aaf8   0x0800aaf8   0x00000030   Code   RO         7567    i.temp_mode_update  temp_mode.o
    0x0800ab28   0x0800ab28   0x00000048   Code   RO         6869    i.temp_sensor_get_label  temp_sensor.o
    0x0800ab70   0x0800ab70   0x000000f4   Code   RO         6872    i.temp_sensor_init  temp_sensor.o
    0x0800ac64   0x0800ac64   0x00000060   Code   RO         6873    i.temp_sensor_read  temp_sensor.o
    0x0800acc4   0x0800acc4   0x00000028   Code   RO         7631    i.timer_mode_enter  timer_mode.o
    0x0800acec   0x0800acec   0x00000078   Code   RO         7632    i.timer_mode_exit   timer_mode.o
    0x0800ad64   0x0800ad64   0x000002b4   Code   RO         7635    i.timer_mode_handle_button  timer_mode.o
    0x0800b018   0x0800b018   0x00000018   Code   RO         7636    i.timer_mode_init   timer_mode.o
    0x0800b030   0x0800b030   0x0000017c   Code   RO         7638    i.timer_mode_render  timer_mode.o
    0x0800b1ac   0x0800b1ac   0x000000a0   Code   RO         7639    i.timer_mode_update  timer_mode.o
    0x0800b24c   0x0800b24c   0x00000026   Code   RO         4706    i.uxListRemove      list.o
    0x0800b272   0x0800b272   0x00000002   PAD
    0x0800b274   0x0800b274   0x00000014   Code   RO         5761    i.vApplicationGetIdleTaskMemory  cmsis_os2.o
    0x0800b288   0x0800b288   0x00000018   Code   RO         5762    i.vApplicationGetTimerTaskMemory  cmsis_os2.o
    0x0800b2a0   0x0800b2a0   0x00000004   Code   RO         4588    i.vEventGroupSetBitsCallback  event_groups.o
    0x0800b2a4   0x0800b2a4   0x00000016   Code   RO         4707    i.vListInitialise   list.o
    0x0800b2ba   0x0800b2ba   0x00000006   Code   RO         4708    i.vListInitialiseItem  list.o
    0x0800b2c0   0x0800b2c0   0x00000030   Code   RO         4709    i.vListInsert       list.o
    0x0800b2f0   0x0800b2f0   0x00000018   Code   RO         4710    i.vListInsertEnd    list.o
    0x0800b308   0x0800b308   0x00000040   Code   RO         6260    i.vPortEnterCritical  port.o
    0x0800b348   0x0800b348   0x00000028   Code   RO         6261    i.vPortExitCritical  port.o
    0x0800b370   0x0800b370   0x00000064   Code   RO         6204    i.vPortFree         heap_4.o
    0x0800b3d4   0x0800b3d4   0x00000024   Code   RO         6262    i.vPortSetupTimerInterrupt  port.o
    0x0800b3f8   0x0800b3f8   0x00000054   Code   RO         6263    i.vPortValidateInterruptPriority  port.o
    0x0800b44c   0x0800b44c   0x00000028   Code   RO         4757    i.vQueueAddToRegistry  queue.o
    0x0800b474   0x0800b474   0x00000044   Code   RO         4761    i.vQueueWaitForMessageRestricted  queue.o
    0x0800b4b8   0x0800b4b8   0x0000004c   Code   RO         5168    i.vTaskDelay        tasks.o
    0x0800b504   0x0800b504   0x00000010   Code   RO         5173    i.vTaskInternalSetTimeOutState  tasks.o
    0x0800b514   0x0800b514   0x0000000c   Code   RO         5174    i.vTaskMissedYield  tasks.o
    0x0800b520   0x0800b520   0x00000030   Code   RO         5176    i.vTaskPlaceOnEventList  tasks.o
    0x0800b550   0x0800b550   0x00000038   Code   RO         5177    i.vTaskPlaceOnEventListRestricted  tasks.o
    0x0800b588   0x0800b588   0x00000070   Code   RO         5181    i.vTaskRemoveFromUnorderedEventList  tasks.o
    0x0800b5f8   0x0800b5f8   0x00000088   Code   RO         5185    i.vTaskStartScheduler  tasks.o
    0x0800b680   0x0800b680   0x00000010   Code   RO         5187    i.vTaskSuspendAll   tasks.o
    0x0800b690   0x0800b690   0x00000064   Code   RO         5188    i.vTaskSwitchContext  tasks.o
    0x0800b6f4   0x0800b6f4   0x00000010   Code   RO         6513    i.w25q64_cs_high    w25q64.o
    0x0800b704   0x0800b704   0x00000010   Code   RO         6514    i.w25q64_cs_low     w25q64.o
    0x0800b714   0x0800b714   0x0000002e   Code   RO         6518    i.w25q64_erase_sector  w25q64.o
    0x0800b742   0x0800b742   0x0000003a   Code   RO         6520    i.w25q64_get_id     w25q64.o
    0x0800b77c   0x0800b77c   0x000001c4   Code   RO         6522    i.w25q64_init       w25q64.o
    0x0800b940   0x0800b940   0x0000000c   Code   RO         6523    i.w25q64_is_busy    w25q64.o
    0x0800b94c   0x0800b94c   0x0000010c   Code   RO         6525    i.w25q64_read       w25q64.o
    0x0800ba58   0x0800ba58   0x0000002c   Code   RO         6526    i.w25q64_read_status1  w25q64.o
    0x0800ba84   0x0800ba84   0x0000001c   Code   RO         6527    i.w25q64_send_address  w25q64.o
    0x0800baa0   0x0800baa0   0x000000c8   Code   RO         6528    i.w25q64_spi_receive  w25q64.o
    0x0800bb68   0x0800bb68   0x000000c8   Code   RO         6529    i.w25q64_spi_transmit  w25q64.o
    0x0800bc30   0x0800bc30   0x000000e0   Code   RO         6531    i.w25q64_wait_ready_timeout  w25q64.o
    0x0800bd10   0x0800bd10   0x00000020   Code   RO         6532    i.w25q64_wake_up    w25q64.o
    0x0800bd30   0x0800bd30   0x00000114   Code   RO         6533    i.w25q64_write      w25q64.o
    0x0800be44   0x0800be44   0x000000e0   Code   RO         6534    i.w25q64_write_enable  w25q64.o
    0x0800bf24   0x0800bf24   0x00000100   Code   RO         6535    i.w25q64_write_page  w25q64.o
    0x0800c024   0x0800c024   0x0000001c   Code   RO         4592    i.xEventGroupCreate  event_groups.o
    0x0800c040   0x0800c040   0x0000002c   Code   RO         4593    i.xEventGroupCreateStatic  event_groups.o
    0x0800c06c   0x0800c06c   0x0000008c   Code   RO         4595    i.xEventGroupSetBits  event_groups.o
    0x0800c0f8   0x0800c0f8   0x00000010   Code   RO         4596    i.xEventGroupSetBitsFromISR  event_groups.o
    0x0800c108   0x0800c108   0x000000f4   Code   RO         6264    i.xPortStartScheduler  port.o
    0x0800c1fc   0x0800c1fc   0x0000002c   Code   RO         6265    i.xPortSysTickHandler  port.o
    0x0800c228   0x0800c228   0x00000042   Code   RO         4766    i.xQueueGenericCreate  queue.o
    0x0800c26a   0x0800c26a   0x00000066   Code   RO         4767    i.xQueueGenericCreateStatic  queue.o
    0x0800c2d0   0x0800c2d0   0x00000088   Code   RO         4768    i.xQueueGenericReset  queue.o
    0x0800c358   0x0800c358   0x00000160   Code   RO         4769    i.xQueueGenericSend  queue.o
    0x0800c4b8   0x0800c4b8   0x000000be   Code   RO         4770    i.xQueueGenericSendFromISR  queue.o
    0x0800c576   0x0800c576   0x00000002   PAD
    0x0800c578   0x0800c578   0x00000138   Code   RO         4779    i.xQueueReceive     queue.o
    0x0800c6b0   0x0800c6b0   0x0000009a   Code   RO         4780    i.xQueueReceiveFromISR  queue.o
    0x0800c74a   0x0800c74a   0x00000002   PAD
    0x0800c74c   0x0800c74c   0x00000074   Code   RO         5190    i.xTaskCheckForTimeOut  tasks.o
    0x0800c7c0   0x0800c7c0   0x0000005a   Code   RO         5191    i.xTaskCreate       tasks.o
    0x0800c81a   0x0800c81a   0x00000056   Code   RO         5192    i.xTaskCreateStatic  tasks.o
    0x0800c870   0x0800c870   0x0000001c   Code   RO         5196    i.xTaskGetSchedulerState  tasks.o
    0x0800c88c   0x0800c88c   0x0000000c   Code   RO         5197    i.xTaskGetTickCount  tasks.o
    0x0800c898   0x0800c898   0x00000010   Code   RO         5198    i.xTaskGetTickCountFromISR  tasks.o
    0x0800c8a8   0x0800c8a8   0x000000c8   Code   RO         5199    i.xTaskIncrementTick  tasks.o
    0x0800c970   0x0800c970   0x00000080   Code   RO         5202    i.xTaskPriorityDisinherit  tasks.o
    0x0800c9f0   0x0800c9f0   0x00000070   Code   RO         5204    i.xTaskRemoveFromEventList  tasks.o
    0x0800ca60   0x0800ca60   0x000000c4   Code   RO         5205    i.xTaskResumeAll    tasks.o
    0x0800cb24   0x0800cb24   0x00000060   Code   RO         5530    i.xTimerCreateTimerTask  timers.o
    0x0800cb84   0x0800cb84   0x00000068   Code   RO         5531    i.xTimerGenericCommand  timers.o
    0x0800cbec   0x0800cbec   0x00000028   Code   RO         5537    i.xTimerPendFunctionCallFromISR  timers.o
    0x0800cc14   0x0800cc14   0x0000002c   Code   RO         7998    locale$$code        c_w.l(lc_numeric_c.o)
    0x0800cc40   0x0800cc40   0x0000000c   Code   RO         7915    x$fpl$dretinf       fz_wm.l(dretinf.o)
    0x0800cc4c   0x0800cc4c   0x00000056   Code   RO         7867    x$fpl$f2d           fz_wm.l(f2d.o)
    0x0800cca2   0x0800cca2   0x0000008c   Code   RO         7917    x$fpl$fnaninf       fz_wm.l(fnaninf.o)
    0x0800cd2e   0x0800cd2e   0x0000000a   Code   RO         8076    x$fpl$fpinit        fz_wm.l(fpinit.o)
    0x0800cd38   0x0800cd38   0x00000004   Code   RO         7869    x$fpl$printf1       fz_wm.l(printf1.o)
    0x0800cd3c   0x0800cd3c   0x00000000   Code   RO         7919    x$fpl$usenofp       fz_wm.l(usenofp.o)
    0x0800cd3c   0x0800cd3c   0x000000e8   Data   RO           29    .constdata          main.o
    0x0800ce24   0x0800ce24   0x00000010   Data   RO          321    .constdata          freertos.o
    0x0800ce34   0x0800ce34   0x00000010   Data   RO         4542    .constdata          system_stm32f4xx.o
    0x0800ce44   0x0800ce44   0x00000008   Data   RO         4543    .constdata          system_stm32f4xx.o
    0x0800ce4c   0x0800ce4c   0x0000024e   Data   RO         6365    .constdata          st7735.o
    0x0800d09a   0x0800d09a   0x00000002   PAD
    0x0800d09c   0x0800d09c   0x00000048   Data   RO         6764    .constdata          button.o
    0x0800d0e4   0x0800d0e4   0x00000040   Data   RO         7038    .constdata          gui.o
    0x0800d124   0x0800d124   0x00000070   Data   RO         7407    .constdata          mode_manager.o
    0x0800d194   0x0800d194   0x00000020   Data   RO         7720    .constdata          settings_mode.o
    0x0800d1b4   0x0800d1b4   0x00000028   Data   RO         7800    .constdata          c_w.l(_printf_hex_int.o)
    0x0800d1dc   0x0800d1dc   0x00000011   Data   RO         7835    .constdata          c_w.l(__printf_flags_ss_wp.o)
    0x0800d1ed   0x0800d1ed   0x00000003   PAD
    0x0800d1f0   0x0800d1f0   0x00000020   Data   RO         7937    .constdata          m_wm.l(rredf.o)
    0x0800d210   0x0800d210   0x00000094   Data   RO         7973    .constdata          c_w.l(bigflt0.o)
    0x0800d2a4   0x0800d2a4   0x0000006c   Data   RO           30    .conststring        main.o
    0x0800d310   0x0800d310   0x00000044   Data   RO         6765    .conststring        button.o
    0x0800d354   0x0800d354   0x00000037   Data   RO         6949    .conststring        rtc_drv.o
    0x0800d38b   0x0800d38b   0x00000001   PAD
    0x0800d38c   0x0800d38c   0x00000021   Data   RO         7408    .conststring        mode_manager.o
    0x0800d3ad   0x0800d3ad   0x00000003   PAD
    0x0800d3b0   0x0800d3b0   0x000000b8   Data   RO         7721    .conststring        settings_mode.o
    0x0800d468   0x0800d468   0x00000020   Data   RO         8145    Region$$Table       anon$$obj.o
    0x0800d488   0x0800d488   0x0000001c   Data   RO         7997    locale$$data        c_w.l(lc_numeric_c.o)


    Execution Region RW_IRAM1 (Exec base: 0x20000000, Load base: 0x0800d4a4, Size: 0x0000bf40, Max: 0x0001c000, ABSOLUTE, COMPRESSED[0x00000048])

    Exec Addr    Load Addr    Size         Type   Attr      Idx    E Section Name        Object

    0x20000000   COMPRESSED   0x00000020   Data   RW           31    .data               main.o
    0x20000020   COMPRESSED   0x0000000c   Data   RW         2769    .data               stm32f4xx_hal.o
    0x2000002c   COMPRESSED   0x00000004   Data   RW         4544    .data               system_stm32f4xx.o
    0x20000030   COMPRESSED   0x0000003c   Data   RW         5208    .data               tasks.o
    0x2000006c   COMPRESSED   0x00000014   Data   RW         5539    .data               timers.o
    0x20000080   COMPRESSED   0x00000004   Data   RW         5764    .data               cmsis_os2.o
    0x20000084   COMPRESSED   0x00000020   Data   RW         6210    .data               heap_4.o
    0x200000a4   COMPRESSED   0x0000000c   Data   RW         6266    .data               port.o
    0x200000b0   COMPRESSED   0x00000002   Data   RW         6766    .data               button.o
    0x200000b2   COMPRESSED   0x00000001   Data   RW         6830    .data               temp_adc.o
    0x200000b3   COMPRESSED   0x00000002   Data   RW         6874    .data               temp_sensor.o
    0x200000b5   COMPRESSED   0x00000003   PAD
    0x200000b8   COMPRESSED   0x00000020   Data   RW         6950    .data               rtc_drv.o
    0x200000d8   COMPRESSED   0x00000008   Data   RW         7287    .data               fs_mgr.o
    0x200000e0   COMPRESSED   0x00000002   Data   RW         7409    .data               mode_manager.o
    0x200000e2   COMPRESSED   0x00000002   Data   RW         7495    .data               clock_mode.o
    0x200000e4   COMPRESSED   0x00000024   Data   RW         7568    .data               temp_mode.o
    0x20000108   COMPRESSED   0x0000001c   Data   RW         7640    .data               timer_mode.o
    0x20000124   COMPRESSED   0x00000030   Data   RW         7722    .data               settings_mode.o
    0x20000154        -       0x000002d4   Zero   RW           28    .bss                main.o
    0x20000428        -       0x00000048   Zero   RW          563    .bss                stm32f4xx_hal_timebase_tim.o
    0x20000470        -       0x00000040   Zero   RW         4783    .bss                queue.o
    0x200004b0        -       0x000004c4   Zero   RW         5207    .bss                tasks.o
    0x20000974        -       0x00000118   Zero   RW         5538    .bss                timers.o
    0x20000a8c        -       0x000006b8   Zero   RW         5763    .bss                cmsis_os2.o
    0x20001144        -       0x0000a000   Zero   RW         6209    .bss                heap_4.o
    0x2000b144        -       0x00000080   Zero   RW         6364    .bss                st7735.o
    0x2000b1c4        -       0x00000014   Zero   RW         6676    .bss                a4988.o
    0x2000b1d8        -       0x0000010c   Zero   RW         6763    .bss                button.o
    0x2000b2e4        -       0x00000050   Zero   RW         7037    .bss                gui.o
    0x2000b334        -       0x00000010   Zero   RW         7168    .bss                pointer_engine.o
    0x2000b344        -       0x0000058c   Zero   RW         7286    .bss                fs_mgr.o
    0x2000b8d0        -       0x0000000c   Zero   RW         7494    .bss                clock_mode.o
    0x2000b8dc        -       0x00000060   Zero   RW         8005    .bss                c_w.l(libspace.o)
    0x2000b93c   COMPRESSED   0x00000004   PAD
    0x2000b940        -       0x00000200   Zero   RW            2    HEAP                startup_stm32f407xx.o
    0x2000bb40        -       0x00000400   Zero   RW            1    STACK               startup_stm32f407xx.o


    Execution Region RW_IRAM2 (Exec base: 0x2001c000, Load base: 0x0800d4ec, Size: 0x00000000, Max: 0x00004000, ABSOLUTE)

    **** No section assigned to this execution region ****


==============================================================================

Image component sizes


      Code (inc. data)   RO Data    RW Data    ZI Data      Debug   Object Name

       504        122          0          0         20       6258   a4988.o
       572         50        140          2        268       6358   button.o
      1096        202          0          2         12       6814   clock_mode.o
       760         36          0          4       1720      71618   cmsis_os2.o
       232          4          0          0          0      25352   event_groups.o
       528         84         16          0          0       6397   freertos.o
      3160       1080          0          8       1420      10062   fs_mgr.o
      2420        162         64          0         80      15533   gui.o
       472         24          0         32      40960       4935   heap_4.o
       138          0          0          0          0       3614   list.o
      1984        310        340         32        724     775818   main.o
       684        180        145          2          0       4850   mode_manager.o
      1108        222          0          0         16       9516   pointer_engine.o
       786         82          0         12          0      11649   port.o
      1734         20          0          0         64      20089   queue.o
       758        168         55         32          0       7212   rtc_drv.o
      2644        692        216         48          0       8504   settings_mode.o
      1690        126        590          0        128      16260   st7735.o
        64         26        392          0       1536        852   startup_stm32f407xx.o
       116         18          0         12          0       8802   stm32f4xx_hal.o
      1200         52          0          0          0       6025   stm32f4xx_hal_adc.o
       158         14          0          0          0      33094   stm32f4xx_hal_cortex.o
       182          0          0          0          0       2135   stm32f4xx_hal_dma.o
       516         46          0          0          0       2899   stm32f4xx_hal_gpio.o
      2606         62          0          0          0      14434   stm32f4xx_hal_i2c.o
       876        108          0          0          0       6130   stm32f4xx_hal_msp.o
      1408         82          0          0          0       6001   stm32f4xx_hal_rcc.o
       316         20          0          0          0       1416   stm32f4xx_hal_rcc_ex.o
       862         36          0          0          0       8317   stm32f4xx_hal_rtc.o
        20          0          0          0          0       1759   stm32f4xx_hal_rtc_ex.o
      1770         16          0          0          0       8514   stm32f4xx_hal_spi.o
      2098        146          0          0          0      18085   stm32f4xx_hal_tim.o
       148         28          0          0          0       2533   stm32f4xx_hal_tim_ex.o
       152         20          0          0         72       1515   stm32f4xx_hal_timebase_tim.o
      1576         14          0          0          0      10704   stm32f4xx_hal_uart.o
        60         24          0          0          0       4771   stm32f4xx_it.o
         0          0          0          0          0        384   stream_buffer.o
        16          4         24          4          0       1163   system_stm32f4xx.o
      2212        182          0         60       1220      28843   tasks.o
       448        146          0          1          0       2432   temp_adc.o
       470         50          0         36          0       4640   temp_mode.o
      1116        406          0          2          0       5778   temp_sensor.o
      1432        280          0         28          0       6666   timer_mode.o
      1012         86          0         20        280      33175   timers.o
      2368        762          0          0          0      13147   w25q64.o

    ----------------------------------------------------------------------
     44534       6192       2020        340      48520    1245053   Object Totals
         0          0         32          0          0          0   (incl. Generated)
        62          0          6          3          0          0   (incl. Padding)

    ----------------------------------------------------------------------

      Code (inc. data)   RO Data    RW Data    ZI Data      Debug   Library Member Name

        56          6          0          0          0         88   __2snprintf.o
        90          0          0          0          0          0   __dczerorl2.o
         8          0          0          0          0         68   __main.o
       392          4         17          0          0         92   __printf_flags_ss_wp.o
        14          0          0          0          0         68   __printf_wp.o
         0          0          0          0          0          0   __rtentry.o
        12          0          0          0          0          0   __rtentry2.o
         6          0          0          0          0          0   __rtentry4.o
        52          8          0          0          0          0   __scatter.o
        28          0          0          0          0          0   __scatter_zi.o
        44          0          0          0          0        108   _printf_char.o
        48          6          0          0          0         96   _printf_char_common.o
         6          0          0          0          0          0   _printf_d.o
       120         16          0          0          0         92   _printf_dec.o
         6          0          0          0          0          0   _printf_f.o
      1054          0          0          0          0        216   _printf_fp_dec.o
       128         16          0          0          0         84   _printf_fp_infnan.o
        88          4         40          0          0         88   _printf_hex_int.o
       178          0          0          0          0         88   _printf_intcommon.o
        78          0          0          0          0        108   _printf_pad.o
         0          0          0          0          0          0   _printf_percent.o
         4          0          0          0          0          0   _printf_percent_end.o
         6          0          0          0          0          0   _printf_s.o
        82          0          0          0          0         80   _printf_str.o
         6          0          0          0          0          0   _printf_u.o
         6          0          0          0          0          0   _printf_x.o
        22          0          0          0          0        100   _rserrno.o
        16          0          0          0          0         68   _snputc.o
        10          0          0          0          0         68   _sputc.o
        16          0          0          0          0         68   aeabi_memset.o
       228          4        148          0          0         96   bigflt0.o
      1936        128          0          0          0        672   btod.o
        18          0          0          0          0         80   exit.o
         6          0          0          0          0        152   heapauxi.o
         0          0          0          0          0          0   indicate_semi.o
        44         10         28          0          0         76   lc_numeric_c.o
         2          0          0          0          0          0   libinit.o
        22          0          0          0          0          0   libinit2.o
         2          0          0          0          0          0   libshutdown.o
         2          0          0          0          0          0   libshutdown2.o
         8          4          0          0         96         68   libspace.o
       138          0          0          0          0         80   lludiv10.o
       238          0          0          0          0        100   lludivv7m.o
         8          4          0          0          0         68   rt_errno_addr_intlibspace.o
         8          4          0          0          0         68   rt_locale_intlibspace.o
        68          0          0          0          0         68   rt_memclr.o
        78          0          0          0          0         80   rt_memclr_w.o
       138          0          0          0          0         68   rt_memcpy_v6.o
       100          0          0          0          0         80   rt_memcpy_w.o
         2          0          0          0          0          0   rtexit.o
        10          0          0          0          0          0   rtexit2.o
       128          0          0          0          0         68   strcmpv7m.o
        62          0          0          0          0         76   strlen.o
       150          0          0          0          0         80   strncmp.o
        86          0          0          0          0         76   strncpy.o
        12          4          0          0          0         68   sys_exit.o
        74          0          0          0          0         80   sys_stackheap_outer.o
         2          0          0          0          0         68   use_no_semi.o
        12          0          0          0          0        116   dretinf.o
        86          4          0          0          0        132   f2d.o
       140          4          0          0          0        132   fnaninf.o
        10          0          0          0          0        116   fpinit.o
         4          0          0          0          0        116   printf1.o
         0          0          0          0          0          0   usenofp.o
       336         56          0          0          0        136   cosf.o
        48          0          0          0          0        124   fpclassify.o
        38          0          0          0          0        116   fpclassifyf.o
        38         12          0          0          0        348   funder.o
       340         24         32          0          0        160   rredf.o
       400         56          0          0          0        212   sinf.o

    ----------------------------------------------------------------------
      7614        374        268          0        100       5560   Library Totals
        16          0          3          0          4          0   (incl. Padding)

    ----------------------------------------------------------------------

      Code (inc. data)   RO Data    RW Data    ZI Data      Debug   Library Name

      6146        218        233          0         96       3852   c_w.l
       252          8          0          0          0        612   fz_wm.l
      1200        148         32          0          0       1096   m_wm.l

    ----------------------------------------------------------------------
      7614        374        268          0        100       5560   Library Totals

    ----------------------------------------------------------------------

==============================================================================


      Code (inc. data)   RO Data    RW Data    ZI Data      Debug   

     52148       6566       2288        340      48620    1211829   Grand Totals
     52148       6566       2288         72      48620    1211829   ELF Image Totals (compressed)
     52148       6566       2288         72          0          0   ROM Totals

==============================================================================

    Total RO  Size (Code + RO Data)                54436 (  53.16kB)
    Total RW  Size (RW Data + ZI Data)             48960 (  47.81kB)
    Total ROM Size (Code + RO Data + RW Data)      54508 (  53.23kB)

==============================================================================

